Component: ARM Compiler 5.05 update 1 (build 106) Tool: armlink [4d0efa]

==============================================================================

Section Cross References

    startup_stm32f10x_hd.o(STACK) refers (Special) to heapauxi.o(.text) for __use_two_region_memory
    startup_stm32f10x_hd.o(HEAP) refers (Special) to heapauxi.o(.text) for __use_two_region_memory
    startup_stm32f10x_hd.o(RESET) refers (Special) to heapauxi.o(.text) for __use_two_region_memory
    startup_stm32f10x_hd.o(RESET) refers to startup_stm32f10x_hd.o(STACK) for __initial_sp
    startup_stm32f10x_hd.o(RESET) refers to startup_stm32f10x_hd.o(.text) for Reset_Handler
    startup_stm32f10x_hd.o(RESET) refers to stm32f10x_it.o(i.NMI_Handler) for NMI_Handler
    startup_stm32f10x_hd.o(RESET) refers to stm32f10x_it.o(i.HardFault_Handler) for HardFault_Handler
    startup_stm32f10x_hd.o(RESET) refers to stm32f10x_it.o(i.MemManage_Handler) for MemManage_Handler
    startup_stm32f10x_hd.o(RESET) refers to stm32f10x_it.o(i.BusFault_Handler) for BusFault_Handler
    startup_stm32f10x_hd.o(RESET) refers to stm32f10x_it.o(i.UsageFault_Handler) for UsageFault_Handler
    startup_stm32f10x_hd.o(RESET) refers to stm32f10x_it.o(i.SVC_Handler) for SVC_Handler
    startup_stm32f10x_hd.o(RESET) refers to stm32f10x_it.o(i.DebugMon_Handler) for DebugMon_Handler
    startup_stm32f10x_hd.o(RESET) refers to os_cpu_a.o(.text) for OS_CPU_PendSVHandler
    startup_stm32f10x_hd.o(RESET) refers to stm32f10x_it.o(i.SysTick_Handler) for SysTick_Handler
    startup_stm32f10x_hd.o(.text) refers (Special) to heapauxi.o(.text) for __use_two_region_memory
    startup_stm32f10x_hd.o(.text) refers to system_stm32f10x.o(i.SystemInit) for SystemInit
    startup_stm32f10x_hd.o(.text) refers to __main.o(!!!main) for __main
    startup_stm32f10x_hd.o(.text) refers to startup_stm32f10x_hd.o(HEAP) for Heap_Mem
    startup_stm32f10x_hd.o(.text) refers to startup_stm32f10x_hd.o(STACK) for Stack_Mem
    system_stm32f10x.o(i.SetSysClock) refers to system_stm32f10x.o(i.SetSysClockTo72) for SetSysClockTo72
    system_stm32f10x.o(i.SystemCoreClockUpdate) refers to system_stm32f10x.o(.data) for SystemCoreClock
    system_stm32f10x.o(i.SystemInit) refers to system_stm32f10x.o(i.SetSysClock) for SetSysClock
    stm32f10x_adc.o(i.ADC_DeInit) refers to stm32f10x_rcc.o(i.RCC_APB2PeriphResetCmd) for RCC_APB2PeriphResetCmd
    stm32f10x_bkp.o(i.BKP_DeInit) refers to stm32f10x_rcc.o(i.RCC_BackupResetCmd) for RCC_BackupResetCmd
    stm32f10x_can.o(i.CAN_DeInit) refers to stm32f10x_rcc.o(i.RCC_APB1PeriphResetCmd) for RCC_APB1PeriphResetCmd
    stm32f10x_can.o(i.CAN_GetITStatus) refers to stm32f10x_can.o(i.CheckITStatus) for CheckITStatus
    stm32f10x_cec.o(i.CEC_DeInit) refers to stm32f10x_rcc.o(i.RCC_APB1PeriphResetCmd) for RCC_APB1PeriphResetCmd
    stm32f10x_dac.o(i.DAC_DeInit) refers to stm32f10x_rcc.o(i.RCC_APB1PeriphResetCmd) for RCC_APB1PeriphResetCmd
    stm32f10x_flash.o(i.FLASH_EnableWriteProtection) refers to stm32f10x_flash.o(i.FLASH_WaitForLastOperation) for FLASH_WaitForLastOperation
    stm32f10x_flash.o(i.FLASH_EraseAllBank1Pages) refers to stm32f10x_flash.o(i.FLASH_WaitForLastBank1Operation) for FLASH_WaitForLastBank1Operation
    stm32f10x_flash.o(i.FLASH_EraseAllPages) refers to stm32f10x_flash.o(i.FLASH_WaitForLastOperation) for FLASH_WaitForLastOperation
    stm32f10x_flash.o(i.FLASH_EraseOptionBytes) refers to stm32f10x_flash.o(i.FLASH_GetReadOutProtectionStatus) for FLASH_GetReadOutProtectionStatus
    stm32f10x_flash.o(i.FLASH_EraseOptionBytes) refers to stm32f10x_flash.o(i.FLASH_WaitForLastOperation) for FLASH_WaitForLastOperation
    stm32f10x_flash.o(i.FLASH_ErasePage) refers to stm32f10x_flash.o(i.FLASH_WaitForLastOperation) for FLASH_WaitForLastOperation
    stm32f10x_flash.o(i.FLASH_ProgramHalfWord) refers to stm32f10x_flash.o(i.FLASH_WaitForLastOperation) for FLASH_WaitForLastOperation
    stm32f10x_flash.o(i.FLASH_ProgramOptionByteData) refers to stm32f10x_flash.o(i.FLASH_WaitForLastOperation) for FLASH_WaitForLastOperation
    stm32f10x_flash.o(i.FLASH_ProgramWord) refers to stm32f10x_flash.o(i.FLASH_WaitForLastOperation) for FLASH_WaitForLastOperation
    stm32f10x_flash.o(i.FLASH_ReadOutProtection) refers to stm32f10x_flash.o(i.FLASH_WaitForLastOperation) for FLASH_WaitForLastOperation
    stm32f10x_flash.o(i.FLASH_UserOptionByteConfig) refers to stm32f10x_flash.o(i.FLASH_WaitForLastOperation) for FLASH_WaitForLastOperation
    stm32f10x_flash.o(i.FLASH_WaitForLastBank1Operation) refers to stm32f10x_flash.o(i.FLASH_GetBank1Status) for FLASH_GetBank1Status
    stm32f10x_flash.o(i.FLASH_WaitForLastOperation) refers to stm32f10x_flash.o(i.FLASH_GetBank1Status) for FLASH_GetBank1Status
    stm32f10x_gpio.o(i.GPIO_AFIODeInit) refers to stm32f10x_rcc.o(i.RCC_APB2PeriphResetCmd) for RCC_APB2PeriphResetCmd
    stm32f10x_gpio.o(i.GPIO_DeInit) refers to stm32f10x_rcc.o(i.RCC_APB2PeriphResetCmd) for RCC_APB2PeriphResetCmd
[...]
    Removing stm32f10x_sdio.o(i.SDIO_SetPowerState), (28 bytes).
    Removing stm32f10x_sdio.o(i.SDIO_SetSDIOOperation), (12 bytes).
    Removing stm32f10x_sdio.o(i.SDIO_SetSDIOReadWaitMode), (12 bytes).
    Removing stm32f10x_sdio.o(i.SDIO_StartSDIOReadWait), (12 bytes).
    Removing stm32f10x_sdio.o(i.SDIO_StopSDIOReadWait), (12 bytes).
    Removing stm32f10x_sdio.o(i.SDIO_StructInit), (16 bytes).
    Removing stm32f10x_sdio.o(i.SDIO_WriteData), (12 bytes).
    Removing stm32f10x_spi.o(i.I2S_Cmd), (24 bytes).
    Removing stm32f10x_spi.o(i.I2S_Init), (232 bytes).
    Removing stm32f10x_spi.o(i.I2S_StructInit), (20 bytes).
    Removing stm32f10x_spi.o(i.SPI_BiDirectionalLineConfig), (28 bytes).
    Removing stm32f10x_spi.o(i.SPI_CalculateCRC), (24 bytes).
    Removing stm32f10x_spi.o(i.SPI_Cmd), (24 bytes).
    Removing stm32f10x_spi.o(i.SPI_DataSizeConfig), (18 bytes).
    Removing stm32f10x_spi.o(i.SPI_GetCRC), (16 bytes).
    Removing stm32f10x_spi.o(i.SPI_GetCRCPolynomial), (6 bytes).
    Removing stm32f10x_spi.o(i.SPI_I2S_ClearFlag), (6 bytes).
    Removing stm32f10x_spi.o(i.SPI_I2S_ClearITPendingBit), (20 bytes).
    Removing stm32f10x_spi.o(i.SPI_I2S_DMACmd), (18 bytes).
    Removing stm32f10x_spi.o(i.SPI_I2S_DeInit), (88 bytes).
    Removing stm32f10x_spi.o(i.SPI_I2S_GetFlagStatus), (18 bytes).
    Removing stm32f10x_spi.o(i.SPI_I2S_GetITStatus), (52 bytes).
    Removing stm32f10x_spi.o(i.SPI_I2S_ITConfig), (32 bytes).
    Removing stm32f10x_spi.o(i.SPI_I2S_ReceiveData), (6 bytes).
    Removing stm32f10x_spi.o(i.SPI_I2S_SendData), (4 bytes).
    Removing stm32f10x_spi.o(i.SPI_Init), (60 bytes).
    Removing stm32f10x_spi.o(i.SPI_NSSInternalSoftwareConfig), (30 bytes).
    Removing stm32f10x_spi.o(i.SPI_SSOutputCmd), (24 bytes).
    Removing stm32f10x_spi.o(i.SPI_StructInit), (24 bytes).
    Removing stm32f10x_spi.o(i.SPI_TransmitCRC), (10 bytes).
    Removing stm32f10x_tim.o(i.TI1_Config), (128 bytes).
    Removing stm32f10x_tim.o(i.TI2_Config), (152 bytes).
    Removing stm32f10x_tim.o(i.TI3_Config), (144 bytes).
    Removing stm32f10x_tim.o(i.TI4_Config), (152 bytes).
    Removing stm32f10x_tim.o(i.TIM_BDTRConfig), (32 bytes).
    Removing stm32f10x_tim.o(i.TIM_BDTRStructInit), (18 bytes).
    Removing stm32f10x_tim.o(i.TIM_CCPreloadControl), (24 bytes).
    Removing stm32f10x_tim.o(i.TIM_CCxCmd), (30 bytes).
    Removing stm32f10x_tim.o(i.TIM_CCxNCmd), (30 bytes).
    Removing stm32f10x_tim.o(i.TIM_ClearFlag), (6 bytes).
    Removing stm32f10x_tim.o(i.TIM_ClearITPendingBit), (6 bytes).
    Removing stm32f10x_tim.o(i.TIM_ClearOC1Ref), (18 bytes).
    Removing stm32f10x_tim.o(i.TIM_ClearOC2Ref), (24 bytes).
    Removing stm32f10x_tim.o(i.TIM_ClearOC3Ref), (18 bytes).
    Removing stm32f10x_tim.o(i.TIM_ClearOC4Ref), (24 bytes).
    Removing stm32f10x_tim.o(i.TIM_CounterModeConfig), (18 bytes).
    Removing stm32f10x_tim.o(i.TIM_DMACmd), (18 bytes).
    Removing stm32f10x_tim.o(i.TIM_DMAConfig), (10 bytes).
    Removing stm32f10x_tim.o(i.TIM_DeInit), (488 bytes).
    Removing stm32f10x_tim.o(i.TIM_ETRClockMode1Config), (54 bytes).
    Removing stm32f10x_tim.o(i.TIM_ETRClockMode2Config), (32 bytes).
    Removing stm32f10x_tim.o(i.TIM_ETRConfig), (28 bytes).
    Removing stm32f10x_tim.o(i.TIM_EncoderInterfaceConfig), (66 bytes).
    Removing stm32f10x_tim.o(i.TIM_ForcedOC1Config), (18 bytes).
    Removing stm32f10x_tim.o(i.TIM_ForcedOC2Config), (26 bytes).
    Removing stm32f10x_tim.o(i.TIM_ForcedOC3Config), (18 bytes).
    Removing stm32f10x_tim.o(i.TIM_ForcedOC4Config), (26 bytes).
    Removing stm32f10x_tim.o(i.TIM_GenerateEvent), (4 bytes).
    Removing stm32f10x_tim.o(i.TIM_GetCapture1), (6 bytes).
    Removing stm32f10x_tim.o(i.TIM_GetCapture2), (6 bytes).
    Removing stm32f10x_tim.o(i.TIM_GetCapture3), (6 bytes).
    Removing stm32f10x_tim.o(i.TIM_GetCapture4), (8 bytes).
    Removing stm32f10x_tim.o(i.TIM_GetCounter), (6 bytes).
    Removing stm32f10x_tim.o(i.TIM_GetFlagStatus), (18 bytes).
    Removing stm32f10x_tim.o(i.TIM_GetITStatus), (34 bytes).
    Removing stm32f10x_tim.o(i.TIM_GetPrescaler), (6 bytes).
    Removing stm32f10x_tim.o(i.TIM_ICInit), (172 bytes).
    Removing stm32f10x_tim.o(i.TIM_ICStructInit), (18 bytes).
    Removing stm32f10x_tim.o(i.TIM_ITConfig), (18 bytes).
    Removing stm32f10x_tim.o(i.TIM_ITRxExternalClockConfig), (24 bytes).
    Removing stm32f10x_tim.o(i.TIM_InternalClockConfig), (12 bytes).
    Removing stm32f10x_tim.o(i.TIM_OC1FastConfig), (18 bytes).
    Removing stm32f10x_tim.o(i.TIM_OC1NPolarityConfig), (18 bytes).
    Removing stm32f10x_tim.o(i.TIM_OC1PolarityConfig), (18 bytes).
    Removing stm32f10x_tim.o(i.TIM_OC2FastConfig), (26 bytes).
    Removing stm32f10x_tim.o(i.TIM_OC2NPolarityConfig), (26 bytes).
    Removing stm32f10x_tim.o(i.TIM_OC2PolarityConfig), (26 bytes).
    Removing stm32f10x_tim.o(i.TIM_OC3FastConfig), (18 bytes).
    Removing stm32f10x_tim.o(i.TIM_OC3Init), (160 bytes).
    Removing stm32f10x_tim.o(i.TIM_OC3NPolarityConfig), (26 bytes).
    Removing stm32f10x_tim.o(i.TIM_OC3PolarityConfig), (26 bytes).
    Removing stm32f10x_tim.o(i.TIM_OC3PreloadConfig), (18 bytes).
    Removing stm32f10x_tim.o(i.TIM_OC4FastConfig), (26 bytes).
    Removing stm32f10x_tim.o(i.TIM_OC4Init), (124 bytes).
    Removing stm32f10x_tim.o(i.TIM_OC4PolarityConfig), (26 bytes).
    Removing stm32f10x_tim.o(i.TIM_OC4PreloadConfig), (26 bytes).
    Removing stm32f10x_tim.o(i.TIM_OCStructInit), (20 bytes).
    Removing stm32f10x_tim.o(i.TIM_PWMIConfig), (124 bytes).
    Removing stm32f10x_tim.o(i.TIM_PrescalerConfig), (6 bytes).
    Removing stm32f10x_tim.o(i.TIM_SelectCCDMA), (24 bytes).
    Removing stm32f10x_tim.o(i.TIM_SelectCOM), (24 bytes).
    Removing stm32f10x_tim.o(i.TIM_SelectHallSensor), (24 bytes).
    Removing stm32f10x_tim.o(i.TIM_SelectInputTrigger), (18 bytes).
    Removing stm32f10x_tim.o(i.TIM_SelectMasterSlaveMode), (18 bytes).
    Removing stm32f10x_tim.o(i.TIM_SelectOCxM), (82 bytes).
    Removing stm32f10x_tim.o(i.TIM_SelectOnePulseMode), (18 bytes).
    Removing stm32f10x_tim.o(i.TIM_SelectOutputTrigger), (18 bytes).
    Removing stm32f10x_tim.o(i.TIM_SelectSlaveMode), (18 bytes).
    Removing stm32f10x_tim.o(i.TIM_SetAutoreload), (4 bytes).
    Removing stm32f10x_tim.o(i.TIM_SetClockDivision), (18 bytes).
    Removing stm32f10x_tim.o(i.TIM_SetCompare1), (4 bytes).
    Removing stm32f10x_tim.o(i.TIM_SetCompare2), (4 bytes).
    Removing stm32f10x_tim.o(i.TIM_SetCompare3), (4 bytes).
    Removing stm32f10x_tim.o(i.TIM_SetCompare4), (6 bytes).
    Removing stm32f10x_tim.o(i.TIM_SetCounter), (4 bytes).
    Removing stm32f10x_tim.o(i.TIM_SetIC1Prescaler), (18 bytes).
    Removing stm32f10x_tim.o(i.TIM_SetIC2Prescaler), (26 bytes).
    Removing stm32f10x_tim.o(i.TIM_SetIC3Prescaler), (18 bytes).
    Removing stm32f10x_tim.o(i.TIM_SetIC4Prescaler), (26 bytes).
    Removing stm32f10x_tim.o(i.TIM_TIxExternalClockConfig), (62 bytes).
    Removing stm32f10x_tim.o(i.TIM_TimeBaseStructInit), (18 bytes).
    Removing stm32f10x_tim.o(i.TIM_UpdateDisableConfig), (24 bytes).
    Removing stm32f10x_tim.o(i.TIM_UpdateRequestConfig), (24 bytes).
    Removing stm32f10x_usart.o(i.USART_ClearFlag), (18 bytes).
    Removing stm32f10x_usart.o(i.USART_ClearITPendingBit), (30 bytes).
    Removing stm32f10x_usart.o(i.USART_ClockInit), (34 bytes).
    Removing stm32f10x_usart.o(i.USART_ClockStructInit), (12 bytes).
    Removing stm32f10x_usart.o(i.USART_Cmd), (24 bytes).
    Removing stm32f10x_usart.o(i.USART_DMACmd), (18 bytes).
    Removing stm32f10x_usart.o(i.USART_DeInit), (156 bytes).
    Removing stm32f10x_usart.o(i.USART_GetFlagStatus), (26 bytes).
    Removing stm32f10x_usart.o(i.USART_GetITStatus), (84 bytes).
    Removing stm32f10x_usart.o(i.USART_HalfDuplexCmd), (24 bytes).
    Removing stm32f10x_usart.o(i.USART_ITConfig), (74 bytes).
    Removing stm32f10x_usart.o(i.USART_Init), (216 bytes).
    Removing stm32f10x_usart.o(i.USART_IrDACmd), (24 bytes).
    Removing stm32f10x_usart.o(i.USART_IrDAConfig), (18 bytes).
    Removing stm32f10x_usart.o(i.USART_LINBreakDetectLengthConfig), (18 bytes).
    Removing stm32f10x_usart.o(i.USART_LINCmd), (24 bytes).
    Removing stm32f10x_usart.o(i.USART_OneBitMethodCmd), (24 bytes).
    Removing stm32f10x_usart.o(i.USART_OverSampling8Cmd), (22 bytes).
    Removing stm32f10x_usart.o(i.USART_ReceiveData), (10 bytes).
    Removing stm32f10x_usart.o(i.USART_ReceiverWakeUpCmd), (24 bytes).
    Removing stm32f10x_usart.o(i.USART_SendBreak), (10 bytes).
    Removing stm32f10x_usart.o(i.USART_SendData), (8 bytes).
    Removing stm32f10x_usart.o(i.USART_SetAddress), (18 bytes).
    Removing stm32f10x_usart.o(i.USART_SetGuardTime), (16 bytes).
    Removing stm32f10x_usart.o(i.USART_SetPrescaler), (16 bytes).
    Removing stm32f10x_usart.o(i.USART_SmartCardCmd), (24 bytes).
    Removing stm32f10x_usart.o(i.USART_SmartCardNACKCmd), (24 bytes).
    Removing stm32f10x_usart.o(i.USART_StructInit), (24 bytes).
    Removing stm32f10x_usart.o(i.USART_WakeUpConfig), (18 bytes).
    Removing stm32f10x_wwdg.o(i.WWDG_ClearFlag), (12 bytes).
    Removing stm32f10x_wwdg.o(i.WWDG_DeInit), (22 bytes).
    Removing stm32f10x_wwdg.o(i.WWDG_Enable), (16 bytes).
    Removing stm32f10x_wwdg.o(i.WWDG_EnableIT), (12 bytes).
    Removing stm32f10x_wwdg.o(i.WWDG_GetFlagStatus), (12 bytes).
    Removing stm32f10x_wwdg.o(i.WWDG_SetCounter), (16 bytes).
    Removing stm32f10x_wwdg.o(i.WWDG_SetPrescaler), (24 bytes).
    Removing stm32f10x_wwdg.o(i.WWDG_SetWindowValue), (40 bytes).
    Removing app.o(i.led0_task), (52 bytes).
    Removing app.o(i.led1_task), (56 bytes).
    Removing stm32f10x_it.o(i.PendSV_Handler), (2 bytes).
    Removing os_core.o(i.OSEventNameGet), (104 bytes).
    Removing os_core.o(i.OSEventNameSet), (124 bytes).
    Removing os_core.o(i.OSEventPendMulti), (600 bytes).
    Removing os_core.o(i.OSSchedLock), (64 bytes).
    Removing os_core.o(i.OSSchedUnlock), (96 bytes).
    Removing os_core.o(i.OSStatInit), (76 bytes).
    Removing os_core.o(i.OSVersion), (6 bytes).
    Removing os_core.o(i.OS_EventTaskRdy), (144 bytes).
    Removing os_core.o(i.OS_EventTaskWait), (124 bytes).
    Removing os_core.o(i.OS_EventTaskWaitMulti), (148 bytes).
    Removing os_core.o(i.OS_EventWaitListInit), (28 bytes).
    Removing os_core.o(i.OS_MemCopy), (20 bytes).
    Removing os_flag.o(i.OSFlagAccept), (252 bytes).
    Removing os_flag.o(i.OSFlagCreate), (100 bytes).
    Removing os_flag.o(i.OSFlagDel), (232 bytes).
    Removing os_flag.o(i.OSFlagNameGet), (88 bytes).
    Removing os_flag.o(i.OSFlagNameSet), (108 bytes).
    Removing os_flag.o(i.OSFlagPend), (600 bytes).
    Removing os_flag.o(i.OSFlagPendGetFlagsRdy), (32 bytes).
    Removing os_flag.o(i.OSFlagPost), (312 bytes).
    Removing os_flag.o(i.OSFlagQuery), (48 bytes).
    Removing os_flag.o(i.OS_FlagBlock), (164 bytes).
    Removing os_flag.o(i.OS_FlagTaskRdy), (92 bytes).
    Removing os_mbox.o(i.OSMboxAccept), (38 bytes).
    Removing os_mbox.o(i.OSMboxCreate), (88 bytes).
    Removing os_mbox.o(i.OSMboxDel), (228 bytes).
    Removing os_mbox.o(i.OSMboxPend), (268 bytes).
    Removing os_mbox.o(i.OSMboxPendAbort), (128 bytes).
    Removing os_mbox.o(i.OSMboxPost), (80 bytes).
    Removing os_mbox.o(i.OSMboxPostOpt), (120 bytes).
    Removing os_mbox.o(i.OSMboxQuery), (76 bytes).
    Removing os_sem.o(i.OSSemAccept), (44 bytes).
    Removing os_sem.o(i.OSSemCreate), (88 bytes).
    Removing os_sem.o(i.OSSemDel), (228 bytes).
    Removing os_sem.o(i.OSSemPend), (248 bytes).
    Removing os_sem.o(i.OSSemPendAbort), (128 bytes).
    Removing os_sem.o(i.OSSemPost), (88 bytes).
    Removing os_sem.o(i.OSSemQuery), (82 bytes).
    Removing os_sem.o(i.OSSemSet), (68 bytes).
    Removing os_task.o(i.OSTaskChangePrio), (416 bytes).
    Removing os_task.o(i.OSTaskDelReq), (108 bytes).
    Removing os_task.o(i.OSTaskNameGet), (128 bytes).
    Removing os_task.o(i.OSTaskQuery), (92 bytes).
    Removing os_task.o(i.OSTaskResume), (172 bytes).
    Removing os_time.o(i.OSTimeDlyResume), (180 bytes).
    Removing os_time.o(i.OSTimeGet), (28 bytes).
    Removing os_time.o(i.OSTimeSet), (28 bytes).

500 unused section(s) (total 24424 bytes) removed from the image.

==============================================================================

Image Symbol Table

    Local Symbols

    Symbol Name                              Value     Ov Type        Size  Object(Section)

    ../clib/angel/boardlib.s                 0x00000000   Number         0  boardshut.o ABSOLUTE
    ../clib/angel/boardlib.s                 0x00000000   Number         0  boardinit3.o ABSOLUTE
    ../clib/angel/boardlib.s                 0x00000000   Number         0  boardinit2.o ABSOLUTE
    ../clib/angel/boardlib.s                 0x00000000   Number         0  boardinit1.o ABSOLUTE
    ../clib/angel/handlers.s                 0x00000000   Number         0  __scatter_copy.o ABSOLUTE
    ../clib/angel/handlers.s                 0x00000000   Number         0  __scatter_zi.o ABSOLUTE
    ../clib/angel/kernel.s                   0x00000000   Number         0  __rtentry4.o ABSOLUTE
    ../clib/angel/kernel.s                   0x00000000   Number         0  rtexit2.o ABSOLUTE
    ../clib/angel/kernel.s                   0x00000000   Number         0  rtexit.o ABSOLUTE
    ../clib/angel/kernel.s                   0x00000000   Number         0  __rtentry2.o ABSOLUTE
    ../clib/angel/kernel.s                   0x00000000   Number         0  __rtentry.o ABSOLUTE
    ../clib/angel/rt.s                       0x00000000   Number         0  rt_raise.o ABSOLUTE
    ../clib/angel/scatter.s                  0x00000000   Number         0  __scatter.o ABSOLUTE
    ../clib/angel/startup.s                  0x00000000   Number         0  __main.o ABSOLUTE
    ../clib/angel/sys.s                      0x00000000   Number         0  libspace.o ABSOLUTE
    ../clib/angel/sys.s                      0x00000000   Number         0  use_no_semi.o ABSOLUTE
    ../clib/angel/sys.s                      0x00000000   Number         0  indicate_semi.o ABSOLUTE
    ../clib/angel/sys.s                      0x00000000   Number         0  sys_stackheap_outer.o ABSOLUTE
    ../clib/angel/sysapp.c                   0x00000000   Number         0  sys_exit.o ABSOLUTE
    ../clib/angel/sysapp.c                   0x00000000   Number         0  sys_command.o ABSOLUTE
    ../clib/angel/sysapp.c                   0x00000000   Number         0  sys_wrch.o ABSOLUTE
    ../clib/armsys.c                         0x00000000   Number         0  argv_veneer.o ABSOLUTE
    ../clib/armsys.c                         0x00000000   Number         0  argv_veneer.o ABSOLUTE
    ../clib/armsys.c                         0x00000000   Number         0  _get_argv_nomalloc.o ABSOLUTE
    ../clib/armsys.c                         0x00000000   Number         0  no_argv.o ABSOLUTE
    ../clib/heapalloc.c                      0x00000000   Number         0  hrguard.o ABSOLUTE
    ../clib/heapaux.c                        0x00000000   Number         0  heapauxi.o ABSOLUTE
    ../clib/libinit.s                        0x00000000   Number         0  libinit2.o ABSOLUTE
    ../clib/libinit.s                        0x00000000   Number         0  libinit.o ABSOLUTE
    ../clib/libinit.s                        0x00000000   Number         0  libshutdown2.o ABSOLUTE
    ../clib/libinit.s                        0x00000000   Number         0  libshutdown.o ABSOLUTE
    ../clib/signal.c                         0x00000000   Number         0  defsig_abrt_inner.o ABSOLUTE
    ../clib/signal.c                         0x00000000   Number         0  defsig_general.o ABSOLUTE
    ../clib/signal.c                         0x00000000   Number         0  defsig_rtmem_inner.o ABSOLUTE
    ../clib/signal.c                         0x00000000   Number         0  defsig_exit.o ABSOLUTE
    ../clib/signal.c                         0x00000000   Number         0  defsig_rtmem_formal.o ABSOLUTE
    ../clib/signal.c                         0x00000000   Number         0  defsig_rtmem_outer.o ABSOLUTE
    ../clib/signal.c                         0x00000000   Number         0  __raise.o ABSOLUTE
    ../clib/signal.c                         0x00000000   Number         0  defsig_other.o ABSOLUTE
    ../clib/signal.c                         0x00000000   Number         0  defsig_segv_inner.o ABSOLUTE
    ../clib/signal.c                         0x00000000   Number         0  defsig_cppl_inner.o ABSOLUTE
    ../clib/signal.c                         0x00000000   Number         0  defsig_pvfn_inner.o ABSOLUTE
    ../clib/signal.c                         0x00000000   Number         0  defsig_stak_inner.o ABSOLUTE
    ../clib/signal.c                         0x00000000   Number         0  defsig_rtred_inner.o ABSOLUTE
    ../clib/signal.c                         0x00000000   Number         0  defsig_fpe_inner.o ABSOLUTE
    ../clib/signal.s                         0x00000000   Number         0  defsig.o ABSOLUTE
    ../clib/stdlib.c                         0x00000000   Number         0  exit.o ABSOLUTE
    ../fplib/fpinit.s                        0x00000000   Number         0  fpinit.o ABSOLUTE
    ..\App\app.c                             0x00000000   Number         0  app.o ABSOLUTE
    ..\BSP\CMSIS\core_cm3.c                  0x00000000   Number         0  core_cm3.o ABSOLUTE
    ..\BSP\CMSIS\startup\arm\startup_stm32f10x_hd.s 0x00000000   Number         0  startup_stm32f10x_hd.o ABSOLUTE
    ..\BSP\CMSIS\system_stm32f10x.c          0x00000000   Number         0  system_stm32f10x.o ABSOLUTE
    ..\BSP\FWLib\src\misc.c                  0x00000000   Number         0  misc.o ABSOLUTE
    ..\BSP\FWLib\src\stm32f10x_adc.c         0x00000000   Number         0  stm32f10x_adc.o ABSOLUTE
    ..\BSP\FWLib\src\stm32f10x_bkp.c         0x00000000   Number         0  stm32f10x_bkp.o ABSOLUTE
    ..\BSP\FWLib\src\stm32f10x_can.c         0x00000000   Number         0  stm32f10x_can.o ABSOLUTE
    ..\BSP\FWLib\src\stm32f10x_cec.c         0x00000000   Number         0  stm32f10x_cec.o ABSOLUTE
    ..\BSP\FWLib\src\stm32f10x_crc.c         0x00000000   Number         0  stm32f10x_crc.o ABSOLUTE
    ..\BSP\FWLib\src\stm32f10x_dac.c         0x00000000   Number         0  stm32f10x_dac.o ABSOLUTE
    ..\BSP\FWLib\src\stm32f10x_dbgmcu.c      0x00000000   Number         0  stm32f10x_dbgmcu.o ABSOLUTE
    ..\BSP\FWLib\src\stm32f10x_dma.c         0x00000000   Number         0  stm32f10x_dma.o ABSOLUTE
    ..\BSP\FWLib\src\stm32f10x_exti.c        0x00000000   Number         0  stm32f10x_exti.o ABSOLUTE
    ..\BSP\FWLib\src\stm32f10x_flash.c       0x00000000   Number         0  stm32f10x_flash.o ABSOLUTE
    ..\BSP\FWLib\src\stm32f10x_fsmc.c        0x00000000   Number         0  stm32f10x_fsmc.o ABSOLUTE
    ..\BSP\FWLib\src\stm32f10x_gpio.c        0x00000000   Number         0  stm32f10x_gpio.o ABSOLUTE
    ..\BSP\FWLib\src\stm32f10x_i2c.c         0x00000000   Number         0  stm32f10x_i2c.o ABSOLUTE
    ..\BSP\FWLib\src\stm32f10x_iwdg.c        0x00000000   Number         0  stm32f10x_iwdg.o ABSOLUTE
    ..\BSP\FWLib\src\stm32f10x_pwr.c         0x00000000   Number         0  stm32f10x_pwr.o ABSOLUTE
    ..\BSP\FWLib\src\stm32f10x_rcc.c         0x00000000   Number         0  stm32f10x_rcc.o ABSOLUTE
    ..\BSP\FWLib\src\stm32f10x_rtc.c         0x00000000   Number         0  stm32f10x_rtc.o ABSOLUTE
    ..\BSP\FWLib\src\stm32f10x_sdio.c        0x00000000   Number         0  stm32f10x_sdio.o ABSOLUTE
    ..\BSP\FWLib\src\stm32f10x_spi.c         0x00000000   Number         0  stm32f10x_spi.o ABSOLUTE
    ..\BSP\FWLib\src\stm32f10x_tim.c         0x00000000   Number         0  stm32f10x_tim.o ABSOLUTE
    ..\BSP\FWLib\src\stm32f10x_usart.c       0x00000000   Number         0  stm32f10x_usart.o ABSOLUTE
    ..\BSP\FWLib\src\stm32f10x_wwdg.c        0x00000000   Number         0  stm32f10x_wwdg.o ABSOLUTE
    ..\BSP\bsp.c                             0x00000000   Number         0  bsp.o ABSOLUTE
    ..\BSP\stm32f10x_it.c                    0x00000000   Number         0  stm32f10x_it.o ABSOLUTE
    ..\\BSP\\CMSIS\\core_cm3.c               0x00000000   Number         0  core_cm3.o ABSOLUTE
    ..\ucosii\Ports\os_cpu_a.asm             0x00000000   Number         0  os_cpu_a.o ABSOLUTE
    ..\ucosii\Ports\os_cpu_c.c               0x00000000   Number         0  os_cpu_c.o ABSOLUTE
    ..\ucosii\Ports\os_dbg.c                 0x00000000   Number         0  os_dbg.o ABSOLUTE
    ..\ucosii\Source\os_core.c               0x00000000   Number         0  os_core.o ABSOLUTE
    ..\ucosii\Source\os_flag.c               0x00000000   Number         0  os_flag.o ABSOLUTE
    ..\ucosii\Source\os_mbox.c               0x00000000   Number         0  os_mbox.o ABSOLUTE
    ..\ucosii\Source\os_mem.c                0x00000000   Number         0  os_mem.o ABSOLUTE
    ..\ucosii\Source\os_mutex.c              0x00000000   Number         0  os_mutex.o ABSOLUTE
    ..\ucosii\Source\os_q.c                  0x00000000   Number         0  os_q.o ABSOLUTE
    ..\ucosii\Source\os_sem.c                0x00000000   Number         0  os_sem.o ABSOLUTE
    ..\ucosii\Source\os_task.c               0x00000000   Number         0  os_task.o ABSOLUTE
    ..\ucosii\Source\os_time.c               0x00000000   Number         0  os_time.o ABSOLUTE
    ..\ucosii\Source\os_tmr.c                0x00000000   Number         0  os_tmr.o ABSOLUTE
    dc.s                                     0x00000000   Number         0  dc.o ABSOLUTE
    RESET                                    0x08000000   Section      304  startup_stm32f10x_hd.o(RESET)
    !!!main                                  0x08000130   Section        8  __main.o(!!!main)
    !!!scatter                               0x08000138   Section       52  __scatter.o(!!!scatter)
    !!handler_copy                           0x0800016c   Section       26  __scatter_copy.o(!!handler_copy)
    !!handler_zi                             0x08000188   Section       28  __scatter_zi.o(!!handler_zi)
    .ARM.Collect$$libinit$$00000000          0x080001a4   Section        2  libinit.o(.ARM.Collect$$libinit$$00000000)
    .ARM.Collect$$libinit$$00000002          0x080001a6   Section        0  libinit2.o(.ARM.Collect$$libinit$$00000002)
    .ARM.Collect$$libinit$$00000004          0x080001a6   Section        0  libinit2.o(.ARM.Collect$$libinit$$00000004)
    .ARM.Collect$$libinit$$0000000A          0x080001a6   Section        0  libinit2.o(.ARM.Collect$$libinit$$0000000A)
    .ARM.Collect$$libinit$$0000000C          0x080001a6   Section        0  libinit2.o(.ARM.Collect$$libinit$$0000000C)
    .ARM.Collect$$libinit$$0000000E          0x080001a6   Section        0  libinit2.o(.ARM.Collect$$libinit$$0000000E)
    .ARM.Collect$$libinit$$00000011          0x080001a6   Section        0  libinit2.o(.ARM.Collect$$libinit$$00000011)
    .ARM.Collect$$libinit$$00000013          0x080001a6   Section        0  libinit2.o(.ARM.Collect$$libinit$$00000013)
    .ARM.Collect$$libinit$$00000015          0x080001a6   Section        0  libinit2.o(.ARM.Collect$$libinit$$00000015)
    .ARM.Collect$$libinit$$00000017          0x080001a6   Section        0  libinit2.o(.ARM.Collect$$libinit$$00000017)
    .ARM.Collect$$libinit$$00000019          0x080001a6   Section        0  libinit2.o(.ARM.Collect$$libinit$$00000019)
    .ARM.Collect$$libinit$$0000001B          0x080001a6   Section        0  libinit2.o(.ARM.Collect$$libinit$$0000001B)
    .ARM.Collect$$libinit$$0000001D          0x080001a6   Section        0  libinit2.o(.ARM.Collect$$libinit$$0000001D)
    .ARM.Collect$$libinit$$0000001F          0x080001a6   Section        0  libinit2.o(.ARM.Collect$$libinit$$0000001F)
    .ARM.Collect$$libinit$$00000021          0x080001a6   Section        0  libinit2.o(.ARM.Collect$$libinit$$00000021)
    .ARM.Collect$$libinit$$00000023          0x080001a6   Section        0  libinit2.o(.ARM.Collect$$libinit$$00000023)
    .ARM.Collect$$libinit$$00000025          0x080001a6   Section        0  libinit2.o(.ARM.Collect$$libinit$$00000025)
    .ARM.Collect$$libinit$$0000002C          0x080001a6   Section        0  libinit2.o(.ARM.Collect$$libinit$$0000002C)
    .ARM.Collect$$libinit$$0000002E          0x080001a6   Section        0  libinit2.o(.ARM.Collect$$libinit$$0000002E)
    .ARM.Collect$$libinit$$00000030          0x080001a6   Section        0  libinit2.o(.ARM.Collect$$libinit$$00000030)
    .ARM.Collect$$libinit$$00000032          0x080001a6   Section        0  libinit2.o(.ARM.Collect$$libinit$$00000032)
    .ARM.Collect$$libinit$$00000033          0x080001a6   Section        2  libinit2.o(.ARM.Collect$$libinit$$00000033)
    .ARM.Collect$$libshutdown$$00000000      0x080001a8   Section        2  libshutdown.o(.ARM.Collect$$libshutdown$$00000000)
    .ARM.Collect$$libshutdown$$00000003      0x080001aa   Section        0  libshutdown2.o(.ARM.Collect$$libshutdown$$00000003)
    .ARM.Collect$$libshutdown$$00000006      0x080001aa   Section        0  libshutdown2.o(.ARM.Collect$$libshutdown$$00000006)
    .ARM.Collect$$libshutdown$$00000009      0x080001aa   Section        0  libshutdown2.o(.ARM.Collect$$libshutdown$$00000009)
    .ARM.Collect$$libshutdown$$0000000B      0x080001aa   Section        0  libshutdown2.o(.ARM.Collect$$libshutdown$$0000000B)
    .ARM.Collect$$libshutdown$$0000000E      0x080001aa   Section        0  libshutdown2.o(.ARM.Collect$$libshutdown$$0000000E)
    .ARM.Collect$$libshutdown$$0000000F      0x080001aa   Section        2  libshutdown2.o(.ARM.Collect$$libshutdown$$0000000F)
    .ARM.Collect$$rtentry$$00000000          0x080001ac   Section        0  __rtentry.o(.ARM.Collect$$rtentry$$00000000)
    .ARM.Collect$$rtentry$$00000002          0x080001ac   Section        0  __rtentry2.o(.ARM.Collect$$rtentry$$00000002)
    .ARM.Collect$$rtentry$$00000004          0x080001ac   Section        6  __rtentry4.o(.ARM.Collect$$rtentry$$00000004)
    .ARM.Collect$$rtentry$$00000009          0x080001b2   Section        0  __rtentry2.o(.ARM.Collect$$rtentry$$00000009)
    .ARM.Collect$$rtentry$$0000000A          0x080001b2   Section        4  __rtentry2.o(.ARM.Collect$$rtentry$$0000000A)
    .ARM.Collect$$rtentry$$0000000C          0x080001b6   Section        0  __rtentry2.o(.ARM.Collect$$rtentry$$0000000C)
    .ARM.Collect$$rtentry$$0000000D          0x080001b6   Section        8  __rtentry2.o(.ARM.Collect$$rtentry$$0000000D)
    .ARM.Collect$$rtexit$$00000000           0x080001be   Section        2  rtexit.o(.ARM.Collect$$rtexit$$00000000)
    .ARM.Collect$$rtexit$$00000002           0x080001c0   Section        0  rtexit2.o(.ARM.Collect$$rtexit$$00000002)
    .ARM.Collect$$rtexit$$00000003           0x080001c0   Section        4  rtexit2.o(.ARM.Collect$$rtexit$$00000003)
    .ARM.Collect$$rtexit$$00000004           0x080001c4   Section        6  rtexit2.o(.ARM.Collect$$rtexit$$00000004)
    .text                                    0x080001cc   Section       64  startup_stm32f10x_hd.o(.text)
    .text                                    0x0800020c   Section      164  os_cpu_a.o(.text)
    .text                                    0x080002b0   Section        0  heapauxi.o(.text)
    .text                                    0x080002b6   Section       74  sys_stackheap_outer.o(.text)
    .text                                    0x08000300   Section        0  exit.o(.text)
    .text                                    0x0800030c   Section        8  libspace.o(.text)
    .text                                    0x08000314   Section        0  sys_exit.o(.text)
    .text                                    0x08000320   Section        2  use_no_semi.o(.text)
    .text                                    0x08000322   Section        0  indicate_semi.o(.text)
    i.ADC_Cmd                                0x08000322   Section        0  stm32f10x_adc.o(i.ADC_Cmd)
    i.ADC_Config                             0x08000338   Section        0  bsp.o(i.ADC_Config)
    i.ADC_DMACmd                             0x080003d8   Section        0  stm32f10x_adc.o(i.ADC_DMACmd)
    i.ADC_GPIO_Config                        0x080003f0   Section        0  bsp.o(i.ADC_GPIO_Config)
    i.ADC_GetCalibrationStatus               0x08000424   Section        0  stm32f10x_adc.o(i.ADC_GetCalibrationStatus)
    i.ADC_GetResetCalibrationStatus          0x08000438   Section        0  stm32f10x_adc.o(i.ADC_GetResetCalibrationStatus)
    i.ADC_Init                               0x0800044c   Section        0  stm32f10x_adc.o(i.ADC_Init)
    i.ADC_RegularChannelConfig               0x0800049c   Section        0  stm32f10x_adc.o(i.ADC_RegularChannelConfig)
    i.ADC_ResetCalibration                   0x08000554   Section        0  stm32f10x_adc.o(i.ADC_ResetCalibration)
    i.ADC_SoftwareStartConvCmd               0x0800055e   Section        0  stm32f10x_adc.o(i.ADC_SoftwareStartConvCmd)
    i.ADC_StartCalibration                   0x08000574   Section        0  stm32f10x_adc.o(i.ADC_StartCalibration)
    i.Adc_Init                               0x0800057e   Section        0  bsp.o(i.Adc_Init)
    i.BSP_Init                               0x08000592   Section        0  bsp.o(i.BSP_Init)
    i.Beep_Init                              0x080005b4   Section        0  bsp.o(i.Beep_Init)
    i.BusFault_Handler                       0x08000678   Section        0  stm32f10x_it.o(i.BusFault_Handler)
    i.DMA_Cmd                                0x0800067c   Section        0  stm32f10x_dma.o(i.DMA_Cmd)
    i.DMA_Config                             0x08000694   Section        0  bsp.o(i.DMA_Config)
    i.DMA_DeInit                             0x080006fc   Section        0  stm32f10x_dma.o(i.DMA_DeInit)
    i.DMA_Init                               0x08000848   Section        0  stm32f10x_dma.o(i.DMA_Init)
    i.DebugMon_Handler                       0x08000884   Section        0  stm32f10x_it.o(i.DebugMon_Handler)
    i.GPIO_Init                              0x08000886   Section        0  stm32f10x_gpio.o(i.GPIO_Init)
    i.GPIO_LED_Config                        0x0800099c   Section        0  bsp.o(i.GPIO_LED_Config)
    i.GPIO_WriteBit                          0x080009d0   Section        0  stm32f10x_gpio.o(i.GPIO_WriteBit)
    i.HardFault_Handler                      0x080009da   Section        0  stm32f10x_it.o(i.HardFault_Handler)
    i.MemManage_Handler                      0x080009de   Section        0  stm32f10x_it.o(i.MemManage_Handler)
    i.NMI_Handler                            0x080009e2   Section        0  stm32f10x_it.o(i.NMI_Handler)
    i.OSDebugInit                            0x080009e4   Section        0  os_dbg.o(i.OSDebugInit)
    i.OSInit                                 0x08000af8   Section        0  os_core.o(i.OSInit)
    i.OSInitHookBegin                        0x08000b24   Section        0  os_cpu_c.o(i.OSInitHookBegin)
    i.OSInitHookEnd                          0x08000b26   Section        0  os_cpu_c.o(i.OSInitHookEnd)
    i.OSIntEnter                             0x08000b28   Section        0  os_core.o(i.OSIntEnter)
    i.OSIntExit                              0x08000b4c   Section        0  os_core.o(i.OSIntExit)
    i.OSStart                                0x08000bdc   Section        0  os_core.o(i.OSStart)
    i.OSTCBInitHook                          0x08000c24   Section        0  os_cpu_c.o(i.OSTCBInitHook)
    i.OSTaskCreate                           0x08000c28   Section        0  os_task.o(i.OSTaskCreate)
    i.OSTaskCreateHook                       0x08000ccc   Section        0  os_cpu_c.o(i.OSTaskCreateHook)
    i.OSTaskDel                              0x08000cd0   Section        0  os_task.o(i.OSTaskDel)
    i.OSTaskDelHook                          0x08000e38   Section        0  os_cpu_c.o(i.OSTaskDelHook)
    i.OSTaskIdleHook                         0x08000e3a   Section        0  os_cpu_c.o(i.OSTaskIdleHook)
    i.OSTaskNameSet                          0x08000e3c   Section        0  os_task.o(i.OSTaskNameSet)
    i.OSTaskStatHook                         0x08000ecc   Section        0  os_cpu_c.o(i.OSTaskStatHook)
    i.OSTaskStkInit                          0x08000ece   Section        0  os_cpu_c.o(i.OSTaskStkInit)
    i.OSTaskSuspend                          0x08000f68   Section        0  os_task.o(i.OSTaskSuspend)
    i.OSTaskSwHook                           0x08001010   Section        0  os_cpu_c.o(i.OSTaskSwHook)
    i.OSTimeDly                              0x08001014   Section        0  os_time.o(i.OSTimeDly)
    i.OSTimeDlyHMSM                          0x08001084   Section        0  os_time.o(i.OSTimeDlyHMSM)
    i.OSTimeTick                             0x080010f4   Section        0  os_core.o(i.OSTimeTick)
    i.OSTimeTickHook                         0x080011e0   Section        0  os_cpu_c.o(i.OSTimeTickHook)
    i.OS_Dummy                               0x080011e2   Section        0  os_core.o(i.OS_Dummy)
    i.OS_EventTaskRemove                     0x080011e4   Section        0  os_core.o(i.OS_EventTaskRemove)
    i.OS_EventTaskRemoveMulti                0x0800120e   Section        0  os_core.o(i.OS_EventTaskRemoveMulti)
    i.OS_FlagInit                            0x08001248   Section        0  os_flag.o(i.OS_FlagInit)
    i.OS_FlagUnlink                          0x08001294   Section        0  os_flag.o(i.OS_FlagUnlink)
    i.OS_InitEventList                       0x080012b8   Section        0  os_core.o(i.OS_InitEventList)
    OS_InitEventList                         0x080012b9   Thumb Code    70  os_core.o(i.OS_InitEventList)
    i.OS_InitMisc                            0x08001308   Section        0  os_core.o(i.OS_InitMisc)
    OS_InitMisc                              0x08001309   Thumb Code    44  os_core.o(i.OS_InitMisc)
    i.OS_InitRdyList                         0x0800135c   Section        0  os_core.o(i.OS_InitRdyList)
    OS_InitRdyList                           0x0800135d   Thumb Code    46  os_core.o(i.OS_InitRdyList)
    i.OS_InitTCBList                         0x080013a4   Section        0  os_core.o(i.OS_InitTCBList)
    OS_InitTCBList                           0x080013a5   Thumb Code    86  os_core.o(i.OS_InitTCBList)
    i.OS_InitTaskIdle                        0x0800140c   Section        0  os_core.o(i.OS_InitTaskIdle)
    OS_InitTaskIdle                          0x0800140d   Thumb Code    26  os_core.o(i.OS_InitTaskIdle)
    i.OS_InitTaskStat                        0x08001440   Section        0  os_core.o(i.OS_InitTaskStat)
    OS_InitTaskStat                          0x08001441   Thumb Code    26  os_core.o(i.OS_InitTaskStat)
    i.OS_MemClr                              0x08001474   Section        0  os_core.o(i.OS_MemClr)
    i.OS_Sched                               0x08001488   Section        0  os_core.o(i.OS_Sched)
    i.OS_SchedNew                            0x080014fc   Section        0  os_core.o(i.OS_SchedNew)
    OS_SchedNew                              0x080014fd   Thumb Code    26  os_core.o(i.OS_SchedNew)
    i.OS_StrCopy                             0x08001528   Section        0  os_core.o(i.OS_StrCopy)
    i.OS_StrLen                              0x08001544   Section        0  os_core.o(i.OS_StrLen)
    i.OS_TCBInit                             0x08001558   Section        0  os_core.o(i.OS_TCBInit)
    i.OS_TaskIdle                            0x08001670   Section        0  os_core.o(i.OS_TaskIdle)
    i.OS_TaskStat                            0x08001694   Section        0  os_core.o(i.OS_TaskStat)
    i.Pwm_Init                               0x08001718   Section        0  bsp.o(i.Pwm_Init)
    i.RCC_AHBPeriphClockCmd                  0x080017dc   Section        0  stm32f10x_rcc.o(i.RCC_AHBPeriphClockCmd)
    i.RCC_APB1PeriphClockCmd                 0x080017fc   Section        0  stm32f10x_rcc.o(i.RCC_APB1PeriphClockCmd)
    i.RCC_APB2PeriphClockCmd                 0x0800181c   Section        0  stm32f10x_rcc.o(i.RCC_APB2PeriphClockCmd)
    i.RCC_Config                             0x0800183c   Section        0  bsp.o(i.RCC_Config)
    i.SVC_Handler                            0x08001848   Section        0  stm32f10x_it.o(i.SVC_Handler)
    i.SetSysClock                            0x0800184a   Section        0  system_stm32f10x.o(i.SetSysClock)
    SetSysClock                              0x0800184b   Thumb Code     8  system_stm32f10x.o(i.SetSysClock)
    i.SetSysClockTo72                        0x08001854   Section        0  system_stm32f10x.o(i.SetSysClockTo72)
    SetSysClockTo72                          0x08001855   Thumb Code   214  system_stm32f10x.o(i.SetSysClockTo72)
    i.SysTick_Handler                        0x08001934   Section        0  stm32f10x_it.o(i.SysTick_Handler)
    i.SysTick_Init                           0x08001944   Section        0  bsp.o(i.SysTick_Init)
    i.SystemInit                             0x080019a4   Section        0  system_stm32f10x.o(i.SystemInit)
    i.TIM2_Config                            0x08001a04   Section        0  bsp.o(i.TIM2_Config)
    i.TIM_ARRPreloadConfig                   0x08001a96   Section        0  stm32f10x_tim.o(i.TIM_ARRPreloadConfig)
    i.TIM_Cmd                                0x08001aae   Section        0  stm32f10x_tim.o(i.TIM_Cmd)
    i.TIM_CtrlPWMOutputs                     0x08001ac6   Section        0  stm32f10x_tim.o(i.TIM_CtrlPWMOutputs)
    i.TIM_OC1Init                            0x08001ae4   Section        0  stm32f10x_tim.o(i.TIM_OC1Init)
    i.TIM_OC1PreloadConfig                   0x08001b7c   Section        0  stm32f10x_tim.o(i.TIM_OC1PreloadConfig)
    i.TIM_OC2Init                            0x08001b90   Section        0  stm32f10x_tim.o(i.TIM_OC2Init)
    i.TIM_OC2PreloadConfig                   0x08001c34   Section        0  stm32f10x_tim.o(i.TIM_OC2PreloadConfig)
    i.TIM_TimeBaseInit                       0x08001c50   Section        0  stm32f10x_tim.o(i.TIM_TimeBaseInit)
    i.UsageFault_Handler                     0x08001cf4   Section        0  stm32f10x_it.o(i.UsageFault_Handler)
    i.adc_task                               0x08001cf8   Section        0  app.o(i.adc_task)
    i.beep_task                              0x08001d60   Section        0  app.o(i.beep_task)
    i.led2_task                              0x08001d94   Section        0  app.o(i.led2_task)
    i.main                                   0x08001dcc   Section        0  app.o(i.main)
    i.pwm_task                               0x08001df4   Section        0  app.o(i.pwm_task)
    i.start_task                             0x08001e28   Section        0  app.o(i.start_task)
    .constdata                               0x08001e8c   Section       94  os_dbg.o(.constdata)
    .constdata                               0x08001eea   Section      256  os_core.o(.constdata)
    .data                                    0x20000000   Section       20  system_stm32f10x.o(.data)
    .data                                    0x20000014   Section       64  os_core.o(.data)
    .bss                                     0x20000054   Section     1408  app.o(.bss)
    START_TASK_STK                           0x20000054   Data         512  app.o(.bss)
    LED0_TASK_STK                            0x20000254   Data         128  app.o(.bss)
    LED1_TASK_STK                            0x200002d4   Data         128  app.o(.bss)
    LED2_TASK_STK                            0x20000354   Data         128  app.o(.bss)
    BEEP_TASK_STK                            0x200003d4   Data         128  app.o(.bss)
    PWM_TASK_STK                             0x20000454   Data         128  app.o(.bss)
    ADC_TASK_STK                             0x200004d4   Data         256  app.o(.bss)
    .bss                                     0x200005d4   Section       16  bsp.o(.bss)
    .bss                                     0x200005e4   Section     3284  os_core.o(.bss)
    .bss                                     0x200012b8   Section       96  libspace.o(.bss)
    HEAP                                     0x20001318   Section      512  startup_stm32f10x_hd.o(HEAP)
    Heap_Mem                                 0x20001318   Data         512  startup_stm32f10x_hd.o(HEAP)
    STACK                                    0x20001518   Section     1024  startup_stm32f10x_hd.o(STACK)
    Stack_Mem                                0x20001518   Data        1024  startup_stm32f10x_hd.o(STACK)
    __initial_sp                             0x20001918   Data           0  startup_stm32f10x_hd.o(STACK)

    Global Symbols

    Symbol Name                              Value     Ov Type        Size  Object(Section)

    BuildAttributes$$THM_ISAv4$P$D$K$B$S$PE$A:L22UL41UL21$X:L11$S22US41US21$IEEE1$IW$USESV6$~STKCKD$USESV7$~SHL$OSPACE$ROPI$EBA8$UX$STANDARDLIB$REQ8$PRES8$EABIv2 0x00000000   Number         0  anon$$obj.o ABSOLUTE
    __ARM_use_no_argv                        0x00000000   Number         0  app.o ABSOLUTE
    __ARM_exceptions_init                     - Undefined Weak Reference
    __alloca_initialize                       - Undefined Weak Reference
    __arm_preinit_                            - Undefined Weak Reference
    __cpp_initialize__aeabi_                  - Undefined Weak Reference
    __cxa_finalize                            - Undefined Weak Reference
    __rt_locale                               - Undefined Weak Reference
    __sigvec_lookup                           - Undefined Weak Reference
    _atexit_init                              - Undefined Weak Reference
    _call_atexit_fns                          - Undefined Weak Reference
    _clock_init                               - Undefined Weak Reference
    _fp_trap_init                             - Undefined Weak Reference
    _fp_trap_shutdown                         - Undefined Weak Reference
    _get_lc_collate                           - Undefined Weak Reference
    _get_lc_ctype                             - Undefined Weak Reference
    _get_lc_monetary                          - Undefined Weak Reference
    _get_lc_numeric                           - Undefined Weak Reference
    _get_lc_time                              - Undefined Weak Reference
    _getenv_init                              - Undefined Weak Reference
    _handle_redirection                       - Undefined Weak Reference
    _init_alloc                               - Undefined Weak Reference
    _init_user_alloc                          - Undefined Weak Reference
    _initio                                   - Undefined Weak Reference
    _rand_init                                - Undefined Weak Reference
    _signal_finish                            - Undefined Weak Reference
    _signal_init                              - Undefined Weak Reference
    _terminate_alloc                          - Undefined Weak Reference
    _terminate_user_alloc                     - Undefined Weak Reference
    _terminateio                              - Undefined Weak Reference
    __Vectors_Size                           0x00000130   Number         0  startup_stm32f10x_hd.o ABSOLUTE
    __Vectors                                0x08000000   Data           4  startup_stm32f10x_hd.o(RESET)
    __Vectors_End                            0x08000130   Data           0  startup_stm32f10x_hd.o(RESET)
    __main                                   0x08000131   Thumb Code     8  __main.o(!!!main)
    __scatterload                            0x08000139   Thumb Code     0  __scatter.o(!!!scatter)
    __scatterload_rt2                        0x08000139   Thumb Code    44  __scatter.o(!!!scatter)
    __scatterload_rt2_thumb_only             0x08000139   Thumb Code     0  __scatter.o(!!!scatter)
    __scatterload_null                       0x08000147   Thumb Code     0  __scatter.o(!!!scatter)
    __scatterload_copy                       0x0800016d   Thumb Code    26  __scatter_copy.o(!!handler_copy)
    __scatterload_zeroinit                   0x08000189   Thumb Code    28  __scatter_zi.o(!!handler_zi)
    __rt_lib_init                            0x080001a5   Thumb Code     0  libinit.o(.ARM.Collect$$libinit$$00000000)
    __rt_lib_init_alloca_1                   0x080001a7   Thumb Code     0  libinit2.o(.ARM.Collect$$libinit$$0000002E)
    __rt_lib_init_argv_1                     0x080001a7   Thumb Code     0  libinit2.o(.ARM.Collect$$libinit$$0000002C)
    __rt_lib_init_atexit_1                   0x080001a7   Thumb Code     0  libinit2.o(.ARM.Collect$$libinit$$0000001B)
    __rt_lib_init_clock_1                    0x080001a7   Thumb Code     0  libinit2.o(.ARM.Collect$$libinit$$00000021)
    __rt_lib_init_cpp_1                      0x080001a7   Thumb Code     0  libinit2.o(.ARM.Collect$$libinit$$00000032)
    __rt_lib_init_exceptions_1               0x080001a7   Thumb Code     0  libinit2.o(.ARM.Collect$$libinit$$00000030)
    __rt_lib_init_fp_1                       0x080001a7   Thumb Code     0  libinit2.o(.ARM.Collect$$libinit$$00000002)
    __rt_lib_init_fp_trap_1                  0x080001a7   Thumb Code     0  libinit2.o(.ARM.Collect$$libinit$$0000001F)
    __rt_lib_init_getenv_1                   0x080001a7   Thumb Code     0  libinit2.o(.ARM.Collect$$libinit$$00000023)
    __rt_lib_init_heap_1                     0x080001a7   Thumb Code     0  libinit2.o(.ARM.Collect$$libinit$$0000000A)
    __rt_lib_init_lc_collate_1               0x080001a7   Thumb Code     0  libinit2.o(.ARM.Collect$$libinit$$00000011)
    __rt_lib_init_lc_ctype_1                 0x080001a7   Thumb Code     0  libinit2.o(.ARM.Collect$$libinit$$00000013)
    __rt_lib_init_lc_monetary_1              0x080001a7   Thumb Code     0  libinit2.o(.ARM.Collect$$libinit$$00000015)
    __rt_lib_init_lc_numeric_1               0x080001a7   Thumb Code     0  libinit2.o(.ARM.Collect$$libinit$$00000017)
    __rt_lib_init_lc_time_1                  0x080001a7   Thumb Code     0  libinit2.o(.ARM.Collect$$libinit$$00000019)
    __rt_lib_init_preinit_1                  0x080001a7   Thumb Code     0  libinit2.o(.ARM.Collect$$libinit$$00000004)
    __rt_lib_init_rand_1                     0x080001a7   Thumb Code     0  libinit2.o(.ARM.Collect$$libinit$$0000000E)
    __rt_lib_init_return                     0x080001a7   Thumb Code     0  libinit2.o(.ARM.Collect$$libinit$$00000033)
    __rt_lib_init_signal_1                   0x080001a7   Thumb Code     0  libinit2.o(.ARM.Collect$$libinit$$0000001D)
    __rt_lib_init_stdio_1                    0x080001a7   Thumb Code     0  libinit2.o(.ARM.Collect$$libinit$$00000025)
    __rt_lib_init_user_alloc_1               0x080001a7   Thumb Code     0  libinit2.o(.ARM.Collect$$libinit$$0000000C)
    __rt_lib_shutdown                        0x080001a9   Thumb Code     0  libshutdown.o(.ARM.Collect$$libshutdown$$00000000)
    __rt_lib_shutdown_fp_trap_1              0x080001ab   Thumb Code     0  libshutdown2.o(.ARM.Collect$$libshutdown$$00000006)
    __rt_lib_shutdown_heap_1                 0x080001ab   Thumb Code     0  libshutdown2.o(.ARM.Collect$$libshutdown$$0000000E)
    __rt_lib_shutdown_return                 0x080001ab   Thumb Code     0  libshutdown2.o(.ARM.Collect$$libshutdown$$0000000F)
    __rt_lib_shutdown_signal_1               0x080001ab   Thumb Code     0  libshutdown2.o(.ARM.Collect$$libshutdown$$00000009)
    __rt_lib_shutdown_stdio_1                0x080001ab   Thumb Code     0  libshutdown2.o(.ARM.Collect$$libshutdown$$00000003)
    __rt_lib_shutdown_user_alloc_1           0x080001ab   Thumb Code     0  libshutdown2.o(.ARM.Collect$$libshutdown$$0000000B)
    __rt_entry                               0x080001ad   Thumb Code     0  __rtentry.o(.ARM.Collect$$rtentry$$00000000)
    __rt_entry_presh_1                       0x080001ad   Thumb Code     0  __rtentry2.o(.ARM.Collect$$rtentry$$00000002)
    __rt_entry_sh                            0x080001ad   Thumb Code     0  __rtentry4.o(.ARM.Collect$$rtentry$$00000004)
    __rt_entry_li                            0x080001b3   Thumb Code     0  __rtentry2.o(.ARM.Collect$$rtentry$$0000000A)
    __rt_entry_postsh_1                      0x080001b3   Thumb Code     0  __rtentry2.o(.ARM.Collect$$rtentry$$00000009)
    __rt_entry_main                          0x080001b7   Thumb Code     0  __rtentry2.o(.ARM.Collect$$rtentry$$0000000D)
    __rt_entry_postli_1                      0x080001b7   Thumb Code     0  __rtentry2.o(.ARM.Collect$$rtentry$$0000000C)
    __rt_exit                                0x080001bf   Thumb Code     0  rtexit.o(.ARM.Collect$$rtexit$$00000000)
    __rt_exit_ls                             0x080001c1   Thumb Code     0  rtexit2.o(.ARM.Collect$$rtexit$$00000003)
    __rt_exit_prels_1                        0x080001c1   Thumb Code     0  rtexit2.o(.ARM.Collect$$rtexit$$00000002)
    __rt_exit_exit                           0x080001c5   Thumb Code     0  rtexit2.o(.ARM.Collect$$rtexit$$00000004)
    Reset_Handler                            0x080001cd   Thumb Code     8  startup_stm32f10x_hd.o(.text)
    ADC1_2_IRQHandler                        0x080001e7   Thumb Code     0  startup_stm32f10x_hd.o(.text)
    ADC3_IRQHandler                          0x080001e7   Thumb Code     0  startup_stm32f10x_hd.o(.text)
    CAN1_RX1_IRQHandler                      0x080001e7   Thumb Code     0  startup_stm32f10x_hd.o(.text)
    CAN1_SCE_IRQHandler                      0x080001e7   Thumb Code     0  startup_stm32f10x_hd.o(.text)
    DMA1_Channel1_IRQHandler                 0x080001e7   Thumb Code     0  startup_stm32f10x_hd.o(.text)
    DMA1_Channel2_IRQHandler                 0x080001e7   Thumb Code     0  startup_stm32f10x_hd.o(.text)
    DMA1_Channel3_IRQHandler                 0x080001e7   Thumb Code     0  startup_stm32f10x_hd.o(.text)
    DMA1_Channel4_IRQHandler                 0x080001e7   Thumb Code     0  startup_stm32f10x_hd.o(.text)
    DMA1_Channel5_IRQHandler                 0x080001e7   Thumb Code     0  startup_stm32f10x_hd.o(.text)
    DMA1_Channel6_IRQHandler                 0x080001e7   Thumb Code     0  startup_stm32f10x_hd.o(.text)
    DMA1_Channel7_IRQHandler                 0x080001e7   Thumb Code     0  startup_stm32f10x_hd.o(.text)
    DMA2_Channel1_IRQHandler                 0x080001e7   Thumb Code     0  startup_stm32f10x_hd.o(.text)
    DMA2_Channel2_IRQHandler                 0x080001e7   Thumb Code     0  startup_stm32f10x_hd.o(.text)
    DMA2_Channel3_IRQHandler                 0x080001e7   Thumb Code     0  startup_stm32f10x_hd.o(.text)
    DMA2_Channel4_5_IRQHandler               0x080001e7   Thumb Code     0  startup_stm32f10x_hd.o(.text)
    EXTI0_IRQHandler                         0x080001e7   Thumb Code     0  startup_stm32f10x_hd.o(.text)
    EXTI15_10_IRQHandler                     0x080001e7   Thumb Code     0  startup_stm32f10x_hd.o(.text)
    EXTI1_IRQHandler                         0x080001e7   Thumb Code     0  startup_stm32f10x_hd.o(.text)
    EXTI2_IRQHandler                         0x080001e7   Thumb Code     0  startup_stm32f10x_hd.o(.text)
    EXTI3_IRQHandler                         0x080001e7   Thumb Code     0  startup_stm32f10x_hd.o(.text)
    EXTI4_IRQHandler                         0x080001e7   Thumb Code     0  startup_stm32f10x_hd.o(.text)
    EXTI9_5_IRQHandler                       0x080001e7   Thumb Code     0  startup_stm32f10x_hd.o(.text)
    FLASH_IRQHandler                         0x080001e7   Thumb Code     0  startup_stm32f10x_hd.o(.text)
    FSMC_IRQHandler                          0x080001e7   Thumb Code     0  startup_stm32f10x_hd.o(.text)
    I2C1_ER_IRQHandler                       0x080001e7   Thumb Code     0  startup_stm32f10x_hd.o(.text)
    I2C1_EV_IRQHandler                       0x080001e7   Thumb Code     0  startup_stm32f10x_hd.o(.text)
    I2C2_ER_IRQHandler                       0x080001e7   Thumb Code     0  startup_stm32f10x_hd.o(.text)
    I2C2_EV_IRQHandler                       0x080001e7   Thumb Code     0  startup_stm32f10x_hd.o(.text)
    PVD_IRQHandler                           0x080001e7   Thumb Code     0  startup_stm32f10x_hd.o(.text)
    RCC_IRQHandler                           0x080001e7   Thumb Code     0  startup_stm32f10x_hd.o(.text)
    RTCAlarm_IRQHandler                      0x080001e7   Thumb Code     0  startup_stm32f10x_hd.o(.text)
    RTC_IRQHandler                           0x080001e7   Thumb Code     0  startup_stm32f10x_hd.o(.text)
    SDIO_IRQHandler                          0x080001e7   Thumb Code     0  startup_stm32f10x_hd.o(.text)
    SPI1_IRQHandler                          0x080001e7   Thumb Code     0  startup_stm32f10x_hd.o(.text)
    SPI2_IRQHandler                          0x080001e7   Thumb Code     0  startup_stm32f10x_hd.o(.text)
    SPI3_IRQHandler                          0x080001e7   Thumb Code     0  startup_stm32f10x_hd.o(.text)
    TAMPER_IRQHandler                        0x080001e7   Thumb Code     0  startup_stm32f10x_hd.o(.text)
    TIM1_BRK_IRQHandler                      0x080001e7   Thumb Code     0  startup_stm32f10x_hd.o(.text)
    TIM1_CC_IRQHandler                       0x080001e7   Thumb Code     0  startup_stm32f10x_hd.o(.text)
    TIM1_TRG_COM_IRQHandler                  0x080001e7   Thumb Code     0  startup_stm32f10x_hd.o(.text)
    TIM1_UP_IRQHandler                       0x080001e7   Thumb Code     0  startup_stm32f10x_hd.o(.text)
    TIM2_IRQHandler                          0x080001e7   Thumb Code     0  startup_stm32f10x_hd.o(.text)
    TIM3_IRQHandler                          0x080001e7   Thumb Code     0  startup_stm32f10x_hd.o(.text)
    TIM4_IRQHandler                          0x080001e7   Thumb Code     0  startup_stm32f10x_hd.o(.text)
    TIM5_IRQHandler                          0x080001e7   Thumb Code     0  startup_stm32f10x_hd.o(.text)
    TIM6_IRQHandler                          0x080001e7   Thumb Code     0  startup_stm32f10x_hd.o(.text)
    TIM7_IRQHandler                          0x080001e7   Thumb Code     0  startup_stm32f10x_hd.o(.text)
    TIM8_BRK_IRQHandler                      0x080001e7   Thumb Code     0  startup_stm32f10x_hd.o(.text)
    TIM8_CC_IRQHandler                       0x080001e7   Thumb Code     0  startup_stm32f10x_hd.o(.text)
    TIM8_TRG_COM_IRQHandler                  0x080001e7   Thumb Code     0  startup_stm32f10x_hd.o(.text)
    TIM8_UP_IRQHandler                       0x080001e7   Thumb Code     0  startup_stm32f10x_hd.o(.text)
    UART4_IRQHandler                         0x080001e7   Thumb Code     0  startup_stm32f10x_hd.o(.text)
    UART5_IRQHandler                         0x080001e7   Thumb Code     0  startup_stm32f10x_hd.o(.text)
    USART1_IRQHandler                        0x080001e7   Thumb Code     0  startup_stm32f10x_hd.o(.text)
    USART2_IRQHandler                        0x080001e7   Thumb Code     0  startup_stm32f10x_hd.o(.text)
    USART3_IRQHandler                        0x080001e7   Thumb Code     0  startup_stm32f10x_hd.o(.text)
    USBWakeUp_IRQHandler                     0x080001e7   Thumb Code     0  startup_stm32f10x_hd.o(.text)
    USB_HP_CAN1_TX_IRQHandler                0x080001e7   Thumb Code     0  startup_stm32f10x_hd.o(.text)
    USB_LP_CAN1_RX0_IRQHandler               0x080001e7   Thumb Code     0  startup_stm32f10x_hd.o(.text)
    WWDG_IRQHandler                          0x080001e7   Thumb Code     0  startup_stm32f10x_hd.o(.text)
    __user_initial_stackheap                 0x080001e9   Thumb Code     0  startup_stm32f10x_hd.o(.text)
    OS_CPU_SR_Save                           0x0800020d   Thumb Code     0  os_cpu_a.o(.text)
    OS_CPU_SR_Restore                        0x08000215   Thumb Code     0  os_cpu_a.o(.text)
    OSStartHighRdy                           0x0800021b   Thumb Code     0  os_cpu_a.o(.text)
    OSCtxSw                                  0x0800023b   Thumb Code     0  os_cpu_a.o(.text)
    OSIntCtxSw                               0x08000245   Thumb Code     0  os_cpu_a.o(.text)
    OS_CPU_PendSVHandler                     0x0800024f   Thumb Code     0  os_cpu_a.o(.text)
    __use_two_region_memory                  0x080002b1   Thumb Code     2  heapauxi.o(.text)
    __rt_heap_escrow$2region                 0x080002b3   Thumb Code     2  heapauxi.o(.text)
    __rt_heap_expand$2region                 0x080002b5   Thumb Code     2  heapauxi.o(.text)
    __user_setup_stackheap                   0x080002b7   Thumb Code    74  sys_stackheap_outer.o(.text)
    exit                                     0x08000301   Thumb Code    12  exit.o(.text)
    __user_libspace                          0x0800030d   Thumb Code     8  libspace.o(.text)
    __user_perproc_libspace                  0x0800030d   Thumb Code     0  libspace.o(.text)
    __user_perthread_libspace                0x0800030d   Thumb Code     0  libspace.o(.text)
    _sys_exit                                0x08000315   Thumb Code     8  sys_exit.o(.text)
    __I$use$semihosting                      0x08000321   Thumb Code     0  use_no_semi.o(.text)
    __use_no_semihosting_swi                 0x08000321   Thumb Code     2  use_no_semi.o(.text)
    ADC_Cmd                                  0x08000323   Thumb Code    22  stm32f10x_adc.o(i.ADC_Cmd)
    __semihosting_library_function           0x08000323   Thumb Code     0  indicate_semi.o(.text)
    ADC_Config                               0x08000339   Thumb Code   152  bsp.o(i.ADC_Config)
    ADC_DMACmd                               0x080003d9   Thumb Code    22  stm32f10x_adc.o(i.ADC_DMACmd)
    ADC_GPIO_Config                          0x080003f1   Thumb Code    46  bsp.o(i.ADC_GPIO_Config)
    ADC_GetCalibrationStatus                 0x08000425   Thumb Code    20  stm32f10x_adc.o(i.ADC_GetCalibrationStatus)
    ADC_GetResetCalibrationStatus            0x08000439   Thumb Code    20  stm32f10x_adc.o(i.ADC_GetResetCalibrationStatus)
    ADC_Init                                 0x0800044d   Thumb Code    70  stm32f10x_adc.o(i.ADC_Init)
    ADC_RegularChannelConfig                 0x0800049d   Thumb Code   184  stm32f10x_adc.o(i.ADC_RegularChannelConfig)
    ADC_ResetCalibration                     0x08000555   Thumb Code    10  stm32f10x_adc.o(i.ADC_ResetCalibration)
    ADC_SoftwareStartConvCmd                 0x0800055f   Thumb Code    22  stm32f10x_adc.o(i.ADC_SoftwareStartConvCmd)
    ADC_StartCalibration                     0x08000575   Thumb Code    10  stm32f10x_adc.o(i.ADC_StartCalibration)
    Adc_Init                                 0x0800057f   Thumb Code    20  bsp.o(i.Adc_Init)
    BSP_Init                                 0x08000593   Thumb Code    32  bsp.o(i.BSP_Init)
    Beep_Init                                0x080005b5   Thumb Code   180  bsp.o(i.Beep_Init)
    BusFault_Handler                         0x08000679   Thumb Code     4  stm32f10x_it.o(i.BusFault_Handler)
    DMA_Cmd                                  0x0800067d   Thumb Code    24  stm32f10x_dma.o(i.DMA_Cmd)
    DMA_Config                               0x08000695   Thumb Code    90  bsp.o(i.DMA_Config)
    DMA_DeInit                               0x080006fd   Thumb Code   324  stm32f10x_dma.o(i.DMA_DeInit)
    DMA_Init                                 0x08000849   Thumb Code    60  stm32f10x_dma.o(i.DMA_Init)
    DebugMon_Handler                         0x08000885   Thumb Code     2  stm32f10x_it.o(i.DebugMon_Handler)
    GPIO_Init                                0x08000887   Thumb Code   278  stm32f10x_gpio.o(i.GPIO_Init)
    GPIO_LED_Config                          0x0800099d   Thumb Code    46  bsp.o(i.GPIO_LED_Config)
    GPIO_WriteBit                            0x080009d1   Thumb Code    10  stm32f10x_gpio.o(i.GPIO_WriteBit)
    HardFault_Handler                        0x080009db   Thumb Code     4  stm32f10x_it.o(i.HardFault_Handler)
    MemManage_Handler                        0x080009df   Thumb Code     4  stm32f10x_it.o(i.MemManage_Handler)
    NMI_Handler                              0x080009e3   Thumb Code     2  stm32f10x_it.o(i.NMI_Handler)
    OSDebugInit                              0x080009e5   Thumb Code    94  os_dbg.o(i.OSDebugInit)
    OSInit                                   0x08000af9   Thumb Code    44  os_core.o(i.OSInit)
    OSInitHookBegin                          0x08000b25   Thumb Code     2  os_cpu_c.o(i.OSInitHookBegin)
    OSInitHookEnd                            0x08000b27   Thumb Code     2  os_cpu_c.o(i.OSInitHookEnd)
    OSIntEnter                               0x08000b29   Thumb Code    28  os_core.o(i.OSIntEnter)
    OSIntExit                                0x08000b4d   Thumb Code   112  os_core.o(i.OSIntExit)
    OSStart                                  0x08000bdd   Thumb Code    48  os_core.o(i.OSStart)
    OSTCBInitHook                            0x08000c25   Thumb Code     2  os_cpu_c.o(i.OSTCBInitHook)
    OSTaskCreate                             0x08000c29   Thumb Code   150  os_task.o(i.OSTaskCreate)
    OSTaskCreateHook                         0x08000ccd   Thumb Code     2  os_cpu_c.o(i.OSTaskCreateHook)
    OSTaskDel                                0x08000cd1   Thumb Code   318  os_task.o(i.OSTaskDel)
    OSTaskDelHook                            0x08000e39   Thumb Code     2  os_cpu_c.o(i.OSTaskDelHook)
    OSTaskIdleHook                           0x08000e3b   Thumb Code     2  os_cpu_c.o(i.OSTaskIdleHook)
    OSTaskNameSet                            0x08000e3d   Thumb Code   132  os_task.o(i.OSTaskNameSet)
    OSTaskStatHook                           0x08000ecd   Thumb Code     2  os_cpu_c.o(i.OSTaskStatHook)
    OSTaskStkInit                            0x08000ecf   Thumb Code   154  os_cpu_c.o(i.OSTaskStkInit)
    OSTaskSuspend                            0x08000f69   Thumb Code   152  os_task.o(i.OSTaskSuspend)
    OSTaskSwHook                             0x08001011   Thumb Code     2  os_cpu_c.o(i.OSTaskSwHook)
    OSTimeDly                                0x08001015   Thumb Code    96  os_time.o(i.OSTimeDly)
    OSTimeDlyHMSM                            0x08001085   Thumb Code   108  os_time.o(i.OSTimeDlyHMSM)
    OSTimeTick                               0x080010f5   Thumb Code   210  os_core.o(i.OSTimeTick)
    OSTimeTickHook                           0x080011e1   Thumb Code     2  os_cpu_c.o(i.OSTimeTickHook)
    OS_Dummy                                 0x080011e3   Thumb Code     2  os_core.o(i.OS_Dummy)
    OS_EventTaskRemove                       0x080011e5   Thumb Code    42  os_core.o(i.OS_EventTaskRemove)
    OS_EventTaskRemoveMulti                  0x0800120f   Thumb Code    58  os_core.o(i.OS_EventTaskRemoveMulti)
    OS_FlagInit                              0x08001249   Thumb Code    68  os_flag.o(i.OS_FlagInit)
    OS_FlagUnlink                            0x08001295   Thumb Code    36  os_flag.o(i.OS_FlagUnlink)
    OS_MemClr                                0x08001475   Thumb Code    18  os_core.o(i.OS_MemClr)
    OS_Sched                                 0x08001489   Thumb Code    86  os_core.o(i.OS_Sched)
    OS_StrCopy                               0x08001529   Thumb Code    28  os_core.o(i.OS_StrCopy)
    OS_StrLen                                0x08001545   Thumb Code    20  os_core.o(i.OS_StrLen)
    OS_TCBInit                               0x08001559   Thumb Code   254  os_core.o(i.OS_TCBInit)
    OS_TaskIdle                              0x08001671   Thumb Code    32  os_core.o(i.OS_TaskIdle)
    OS_TaskStat                              0x08001695   Thumb Code   110  os_core.o(i.OS_TaskStat)
    Pwm_Init                                 0x08001719   Thumb Code   178  bsp.o(i.Pwm_Init)
    RCC_AHBPeriphClockCmd                    0x080017dd   Thumb Code    26  stm32f10x_rcc.o(i.RCC_AHBPeriphClockCmd)
    RCC_APB1PeriphClockCmd                   0x080017fd   Thumb Code    26  stm32f10x_rcc.o(i.RCC_APB1PeriphClockCmd)
    RCC_APB2PeriphClockCmd                   0x0800181d   Thumb Code    26  stm32f10x_rcc.o(i.RCC_APB2PeriphClockCmd)
    RCC_Config                               0x0800183d   Thumb Code    12  bsp.o(i.RCC_Config)
    SVC_Handler                              0x08001849   Thumb Code     2  stm32f10x_it.o(i.SVC_Handler)
    SysTick_Handler                          0x08001935   Thumb Code    16  stm32f10x_it.o(i.SysTick_Handler)
    SysTick_Init                             0x08001945   Thumb Code    84  bsp.o(i.SysTick_Init)
    SystemInit                               0x080019a5   Thumb Code    78  system_stm32f10x.o(i.SystemInit)
    TIM2_Config                              0x08001a05   Thumb Code   146  bsp.o(i.TIM2_Config)
    TIM_ARRPreloadConfig                     0x08001a97   Thumb Code    24  stm32f10x_tim.o(i.TIM_ARRPreloadConfig)
    TIM_Cmd                                  0x08001aaf   Thumb Code    24  stm32f10x_tim.o(i.TIM_Cmd)
    TIM_CtrlPWMOutputs                       0x08001ac7   Thumb Code    30  stm32f10x_tim.o(i.TIM_CtrlPWMOutputs)
    TIM_OC1Init                              0x08001ae5   Thumb Code   132  stm32f10x_tim.o(i.TIM_OC1Init)
    TIM_OC1PreloadConfig                     0x08001b7d   Thumb Code    18  stm32f10x_tim.o(i.TIM_OC1PreloadConfig)
    TIM_OC2Init                              0x08001b91   Thumb Code   154  stm32f10x_tim.o(i.TIM_OC2Init)
    TIM_OC2PreloadConfig                     0x08001c35   Thumb Code    26  stm32f10x_tim.o(i.TIM_OC2PreloadConfig)
    TIM_TimeBaseInit                         0x08001c51   Thumb Code   122  stm32f10x_tim.o(i.TIM_TimeBaseInit)
    UsageFault_Handler                       0x08001cf5   Thumb Code     4  stm32f10x_it.o(i.UsageFault_Handler)
    adc_task                                 0x08001cf9   Thumb Code    98  app.o(i.adc_task)
    beep_task                                0x08001d61   Thumb Code    46  app.o(i.beep_task)
    led2_task                                0x08001d95   Thumb Code    50  app.o(i.led2_task)
    main                                     0x08001dcd   Thumb Code    30  app.o(i.main)
    pwm_task                                 0x08001df5   Thumb Code    46  app.o(i.pwm_task)
    start_task                               0x08001e29   Thumb Code    66  app.o(i.start_task)
    OSDebugEn                                0x08001e8c   Data           2  os_dbg.o(.constdata)
    OSEndiannessTest                         0x08001e90   Data           4  os_dbg.o(.constdata)
    OSEventMax                               0x08001e94   Data           2  os_dbg.o(.constdata)
    OSEventNameSize                          0x08001e96   Data           2  os_dbg.o(.constdata)
    OSEventEn                                0x08001e98   Data           2  os_dbg.o(.constdata)
    OSEventSize                              0x08001e9a   Data           2  os_dbg.o(.constdata)
    OSEventTblSize                           0x08001e9c   Data           2  os_dbg.o(.constdata)
    OSFlagEn                                 0x08001e9e   Data           2  os_dbg.o(.constdata)
    OSFlagGrpSize                            0x08001ea0   Data           2  os_dbg.o(.constdata)
    OSFlagNodeSize                           0x08001ea2   Data           2  os_dbg.o(.constdata)
    OSFlagWidth                              0x08001ea4   Data           2  os_dbg.o(.constdata)
    OSFlagMax                                0x08001ea6   Data           2  os_dbg.o(.constdata)
    OSFlagNameSize                           0x08001ea8   Data           2  os_dbg.o(.constdata)
    OSLowestPrio                             0x08001eaa   Data           2  os_dbg.o(.constdata)
    OSMboxEn                                 0x08001eac   Data           2  os_dbg.o(.constdata)
    OSMemEn                                  0x08001eae   Data           2  os_dbg.o(.constdata)
    OSMemMax                                 0x08001eb0   Data           2  os_dbg.o(.constdata)
    OSMemNameSize                            0x08001eb2   Data           2  os_dbg.o(.constdata)
    OSMemSize                                0x08001eb4   Data           2  os_dbg.o(.constdata)
    OSMemTblSize                             0x08001eb6   Data           2  os_dbg.o(.constdata)
    OSMutexEn                                0x08001eb8   Data           2  os_dbg.o(.constdata)
    OSPtrSize                                0x08001eba   Data           2  os_dbg.o(.constdata)
    OSQEn                                    0x08001ebc   Data           2  os_dbg.o(.constdata)
    OSQMax                                   0x08001ebe   Data           2  os_dbg.o(.constdata)
    OSQSize                                  0x08001ec0   Data           2  os_dbg.o(.constdata)
    OSRdyTblSize                             0x08001ec2   Data           2  os_dbg.o(.constdata)
    OSSemEn                                  0x08001ec4   Data           2  os_dbg.o(.constdata)
    OSStkWidth                               0x08001ec6   Data           2  os_dbg.o(.constdata)
    OSTaskCreateEn                           0x08001ec8   Data           2  os_dbg.o(.constdata)
    OSTaskCreateExtEn                        0x08001eca   Data           2  os_dbg.o(.constdata)
    OSTaskDelEn                              0x08001ecc   Data           2  os_dbg.o(.constdata)
    OSTaskIdleStkSize                        0x08001ece   Data           2  os_dbg.o(.constdata)
    OSTaskProfileEn                          0x08001ed0   Data           2  os_dbg.o(.constdata)
    OSTaskMax                                0x08001ed2   Data           2  os_dbg.o(.constdata)
    OSTaskNameSize                           0x08001ed4   Data           2  os_dbg.o(.constdata)
    OSTaskStatEn                             0x08001ed6   Data           2  os_dbg.o(.constdata)
    OSTaskStatStkSize                        0x08001ed8   Data           2  os_dbg.o(.constdata)
    OSTaskStatStkChkEn                       0x08001eda   Data           2  os_dbg.o(.constdata)
    OSTaskSwHookEn                           0x08001edc   Data           2  os_dbg.o(.constdata)
    OSTCBPrioTblMax                          0x08001ede   Data           2  os_dbg.o(.constdata)
    OSTCBSize                                0x08001ee0   Data           2  os_dbg.o(.constdata)
    OSTicksPerSec                            0x08001ee2   Data           2  os_dbg.o(.constdata)
    OSTimeTickHookEn                         0x08001ee4   Data           2  os_dbg.o(.constdata)
    OSVersionNbr                             0x08001ee6   Data           2  os_dbg.o(.constdata)
    OSDataSize                               0x08001ee8   Data           2  os_dbg.o(.constdata)
    OSUnMapTbl                               0x08001eea   Data         256  os_core.o(.constdata)
    Region$$Table$$Base                      0x08001fec   Number         0  anon$$obj.o(Region$$Table)
    Region$$Table$$Limit                     0x0800200c   Number         0  anon$$obj.o(Region$$Table)
    SystemCoreClock                          0x20000000   Data           4  system_stm32f10x.o(.data)
    AHBPrescTable                            0x20000004   Data          16  system_stm32f10x.o(.data)
    OSCtxSwCtr                               0x20000014   Data           4  os_core.o(.data)
    OSEventFreeList                          0x20000018   Data           4  os_core.o(.data)
    OSFlagFreeList                           0x2000001c   Data           4  os_core.o(.data)
    OSCPUUsage                               0x20000020   Data           1  os_core.o(.data)
    OSIdleCtrMax                             0x20000024   Data           4  os_core.o(.data)
    OSIdleCtrRun                             0x20000028   Data           4  os_core.o(.data)
    OSStatRdy                                0x2000002c   Data           1  os_core.o(.data)
    OSIntNesting                             0x2000002d   Data           1  os_core.o(.data)
    OSLockNesting                            0x2000002e   Data           1  os_core.o(.data)
    OSPrioCur                                0x2000002f   Data           1  os_core.o(.data)
    OSPrioHighRdy                            0x20000030   Data           1  os_core.o(.data)
    OSRdyGrp                                 0x20000031   Data           1  os_core.o(.data)
    OSRdyTbl                                 0x20000032   Data           4  os_core.o(.data)
    OSRunning                                0x20000036   Data           1  os_core.o(.data)
    OSTaskCtr                                0x20000037   Data           1  os_core.o(.data)
    OSIdleCtr                                0x20000038   Data           4  os_core.o(.data)
    OSTCBCur                                 0x2000003c   Data           4  os_core.o(.data)
    OSTCBFreeList                            0x20000040   Data           4  os_core.o(.data)
    OSTCBHighRdy                             0x20000044   Data           4  os_core.o(.data)
    OSTCBList                                0x20000048   Data           4  os_core.o(.data)
    OSTickStepState                          0x2000004c   Data           1  os_core.o(.data)
    OSTime                                   0x20000050   Data           4  os_core.o(.data)
    ADC_values                               0x200005d4   Data          16  bsp.o(.bss)
    OSEventTbl                               0x200005e4   Data         320  os_core.o(.bss)
    OSFlagTbl                                0x20000724   Data         140  os_core.o(.bss)
    OSTaskStatStk                            0x200007b0   Data         512  os_core.o(.bss)
    OSTaskIdleStk                            0x200009b0   Data         512  os_core.o(.bss)
    OSTCBPrioTbl                             0x20000bb0   Data         128  os_core.o(.bss)
    OSTCBTbl                                 0x20000c30   Data        1672  os_core.o(.bss)
    __libspace_start                         0x200012b8   Data          96  libspace.o(.bss)
    __temporary_stack_top$libspace           0x20001318   Data           0  libspace.o(.bss)



==============================================================================

Memory Map of the image

  Image Entry point : 0x08000131

  Load Region LR_IROM1 (Base: 0x08000000, Size: 0x00002060, Max: 0x00040000, ABSOLUTE)

    Execution Region ER_IROM1 (Base: 0x08000000, Size: 0x0000200c, Max: 0x00040000, ABSOLUTE)

    Base Addr    Size         Type   Attr      Idx    E Section Name        Object

    0x08000000   0x00000130   Data   RO            3    RESET               startup_stm32f10x_hd.o
    0x08000130   0x00000008   Code   RO         4081  * !!!main             c_w.l(__main.o)
    0x08000138   0x00000034   Code   RO         4237    !!!scatter          c_w.l(__scatter.o)
    0x0800016c   0x0000001a   Code   RO         4239    !!handler_copy      c_w.l(__scatter_copy.o)
    0x08000186   0x00000002   PAD
    0x08000188   0x0000001c   Code   RO         4241    !!handler_zi        c_w.l(__scatter_zi.o)
    0x080001a4   0x00000002   Code   RO         4108    .ARM.Collect$$libinit$$00000000  c_w.l(libinit.o)
    0x080001a6   0x00000000   Code   RO         4115    .ARM.Collect$$libinit$$00000002  c_w.l(libinit2.o)
    0x080001a6   0x00000000   Code   RO         4117    .ARM.Collect$$libinit$$00000004  c_w.l(libinit2.o)
    0x080001a6   0x00000000   Code   RO         4120    .ARM.Collect$$libinit$$0000000A  c_w.l(libinit2.o)
    0x080001a6   0x00000000   Code   RO         4122    .ARM.Collect$$libinit$$0000000C  c_w.l(libinit2.o)
    0x080001a6   0x00000000   Code   RO         4124    .ARM.Collect$$libinit$$0000000E  c_w.l(libinit2.o)
    0x080001a6   0x00000000   Code   RO         4127    .ARM.Collect$$libinit$$00000011  c_w.l(libinit2.o)
    0x080001a6   0x00000000   Code   RO         4129    .ARM.Collect$$libinit$$00000013  c_w.l(libinit2.o)
    0x080001a6   0x00000000   Code   RO         4131    .ARM.Collect$$libinit$$00000015  c_w.l(libinit2.o)
    0x080001a6   0x00000000   Code   RO         4133    .ARM.Collect$$libinit$$00000017  c_w.l(libinit2.o)
    0x080001a6   0x00000000   Code   RO         4135    .ARM.Collect$$libinit$$00000019  c_w.l(libinit2.o)
    0x080001a6   0x00000000   Code   RO         4137    .ARM.Collect$$libinit$$0000001B  c_w.l(libinit2.o)
    0x080001a6   0x00000000   Code   RO         4139    .ARM.Collect$$libinit$$0000001D  c_w.l(libinit2.o)
    0x080001a6   0x00000000   Code   RO         4141    .ARM.Collect$$libinit$$0000001F  c_w.l(libinit2.o)
    0x080001a6   0x00000000   Code   RO         4143    .ARM.Collect$$libinit$$00000021  c_w.l(libinit2.o)
    0x080001a6   0x00000000   Code   RO         4145    .ARM.Collect$$libinit$$00000023  c_w.l(libinit2.o)
    0x080001a6   0x00000000   Code   RO         4147    .ARM.Collect$$libinit$$00000025  c_w.l(libinit2.o)
    0x080001a6   0x00000000   Code   RO         4151    .ARM.Collect$$libinit$$0000002C  c_w.l(libinit2.o)
    0x080001a6   0x00000000   Code   RO         4153    .ARM.Collect$$libinit$$0000002E  c_w.l(libinit2.o)
    0x080001a6   0x00000000   Code   RO         4155    .ARM.Collect$$libinit$$00000030  c_w.l(libinit2.o)
    0x080001a6   0x00000000   Code   RO         4157    .ARM.Collect$$libinit$$00000032  c_w.l(libinit2.o)
    0x080001a6   0x00000002   Code   RO         4158    .ARM.Collect$$libinit$$00000033  c_w.l(libinit2.o)
    0x080001a8   0x00000002   Code   RO         4178    .ARM.Collect$$libshutdown$$00000000  c_w.l(libshutdown.o)
    0x080001aa   0x00000000   Code   RO         4192    .ARM.Collect$$libshutdown$$00000003  c_w.l(libshutdown2.o)
    0x080001aa   0x00000000   Code   RO         4195    .ARM.Collect$$libshutdown$$00000006  c_w.l(libshutdown2.o)
    0x080001aa   0x00000000   Code   RO         4198    .ARM.Collect$$libshutdown$$00000009  c_w.l(libshutdown2.o)
    0x080001aa   0x00000000   Code   RO         4200    .ARM.Collect$$libshutdown$$0000000B  c_w.l(libshutdown2.o)
    0x080001aa   0x00000000   Code   RO         4203    .ARM.Collect$$libshutdown$$0000000E  c_w.l(libshutdown2.o)
    0x080001aa   0x00000002   Code   RO         4204    .ARM.Collect$$libshutdown$$0000000F  c_w.l(libshutdown2.o)
    0x080001ac   0x00000000   Code   RO         4083    .ARM.Collect$$rtentry$$00000000  c_w.l(__rtentry.o)
    0x080001ac   0x00000000   Code   RO         4085    .ARM.Collect$$rtentry$$00000002  c_w.l(__rtentry2.o)
    0x080001ac   0x00000006   Code   RO         4097    .ARM.Collect$$rtentry$$00000004  c_w.l(__rtentry4.o)
    0x080001b2   0x00000000   Code   RO         4087    .ARM.Collect$$rtentry$$00000009  c_w.l(__rtentry2.o)
    0x080001b2   0x00000004   Code   RO         4088    .ARM.Collect$$rtentry$$0000000A  c_w.l(__rtentry2.o)
    0x080001b6   0x00000000   Code   RO         4090    .ARM.Collect$$rtentry$$0000000C  c_w.l(__rtentry2.o)
    0x080001b6   0x00000008   Code   RO         4091    .ARM.Collect$$rtentry$$0000000D  c_w.l(__rtentry2.o)
    0x080001be   0x00000002   Code   RO         4112    .ARM.Collect$$rtexit$$00000000  c_w.l(rtexit.o)
    0x080001c0   0x00000000   Code   RO         4160    .ARM.Collect$$rtexit$$00000002  c_w.l(rtexit2.o)
    0x080001c0   0x00000004   Code   RO         4161    .ARM.Collect$$rtexit$$00000003  c_w.l(rtexit2.o)
    0x080001c4   0x00000006   Code   RO         4162    .ARM.Collect$$rtexit$$00000004  c_w.l(rtexit2.o)
    0x080001ca   0x00000002   PAD
    0x080001cc   0x00000040   Code   RO            4    .text               startup_stm32f10x_hd.o
    0x0800020c   0x000000a4   Code   RO         3465    .text               os_cpu_a.o
    0x080002b0   0x00000006   Code   RO         4079    .text               c_w.l(heapauxi.o)
    0x080002b6   0x0000004a   Code   RO         4099    .text               c_w.l(sys_stackheap_outer.o)
    0x08000300   0x0000000c   Code   RO         4101    .text               c_w.l(exit.o)
    0x0800030c   0x00000008   Code   RO         4109    .text               c_w.l(libspace.o)
    0x08000314   0x0000000c   Code   RO         4170    .text               c_w.l(sys_exit.o)
    0x08000320   0x00000002   Code   RO         4181    .text               c_w.l(use_no_semi.o)
    0x08000322   0x00000000   Code   RO         4183    .text               c_w.l(indicate_semi.o)
    0x08000322   0x00000016   Code   RO          252    i.ADC_Cmd           stm32f10x_adc.o
    0x08000338   0x000000a0   Code   RO         3304    i.ADC_Config        bsp.o
    0x080003d8   0x00000016   Code   RO          253    i.ADC_DMACmd        stm32f10x_adc.o
    0x080003ee   0x00000002   PAD
    0x080003f0   0x00000034   Code   RO         3305    i.ADC_GPIO_Config   bsp.o
    0x08000424   0x00000014   Code   RO          260    i.ADC_GetCalibrationStatus  stm32f10x_adc.o
    0x08000438   0x00000014   Code   RO          266    i.ADC_GetResetCalibrationStatus  stm32f10x_adc.o
    0x0800044c   0x00000050   Code   RO          270    i.ADC_Init          stm32f10x_adc.o
    0x0800049c   0x000000b8   Code   RO          274    i.ADC_RegularChannelConfig  stm32f10x_adc.o
    0x08000554   0x0000000a   Code   RO          275    i.ADC_ResetCalibration  stm32f10x_adc.o
    0x0800055e   0x00000016   Code   RO          277    i.ADC_SoftwareStartConvCmd  stm32f10x_adc.o
    0x08000574   0x0000000a   Code   RO          279    i.ADC_StartCalibration  stm32f10x_adc.o
    0x0800057e   0x00000014   Code   RO         3306    i.Adc_Init          bsp.o
    0x08000592   0x00000020   Code   RO         3307    i.BSP_Init          bsp.o
    0x080005b2   0x00000002   PAD
    0x080005b4   0x000000c4   Code   RO         3308    i.Beep_Init         bsp.o
    0x08000678   0x00000004   Code   RO         3398    i.BusFault_Handler  stm32f10x_it.o
    0x0800067c   0x00000018   Code   RO          952    i.DMA_Cmd           stm32f10x_dma.o
    0x08000694   0x00000068   Code   RO         3309    i.DMA_Config        bsp.o
    0x080006fc   0x0000014c   Code   RO          953    i.DMA_DeInit        stm32f10x_dma.o
    0x08000848   0x0000003c   Code   RO          958    i.DMA_Init          stm32f10x_dma.o
    0x08000884   0x00000002   Code   RO         3399    i.DebugMon_Handler  stm32f10x_it.o
    0x08000886   0x00000116   Code   RO         1388    i.GPIO_Init         stm32f10x_gpio.o
    0x0800099c   0x00000034   Code   RO         3310    i.GPIO_LED_Config   bsp.o
    0x080009d0   0x0000000a   Code   RO         1399    i.GPIO_WriteBit     stm32f10x_gpio.o
    0x080009da   0x00000004   Code   RO         3400    i.HardFault_Handler  stm32f10x_it.o
    0x080009de   0x00000004   Code   RO         3401    i.MemManage_Handler  stm32f10x_it.o
    0x080009e2   0x00000002   Code   RO         3402    i.NMI_Handler       stm32f10x_it.o
    0x080009e4   0x00000114   Code   RO         3541    i.OSDebugInit       os_dbg.o
    0x08000af8   0x0000002c   Code   RO         3559    i.OSInit            os_core.o
    0x08000b24   0x00000002   Code   RO         3468    i.OSInitHookBegin   os_cpu_c.o
    0x08000b26   0x00000002   Code   RO         3469    i.OSInitHookEnd     os_cpu_c.o
    0x08000b28   0x00000024   Code   RO         3560    i.OSIntEnter        os_core.o
    0x08000b4c   0x00000090   Code   RO         3561    i.OSIntExit         os_core.o
    0x08000bdc   0x00000048   Code   RO         3564    i.OSStart           os_core.o
    0x08000c24   0x00000002   Code   RO         3470    i.OSTCBInitHook     os_cpu_c.o
    0x08000c26   0x00000002   PAD
    0x08000c28   0x000000a4   Code   RO         3976    i.OSTaskCreate      os_task.o
    0x08000ccc   0x00000002   Code   RO         3471    i.OSTaskCreateHook  os_cpu_c.o
    0x08000cce   0x00000002   PAD
    0x08000cd0   0x00000168   Code   RO         3977    i.OSTaskDel         os_task.o
    0x08000e38   0x00000002   Code   RO         3472    i.OSTaskDelHook     os_cpu_c.o
    0x08000e3a   0x00000002   Code   RO         3473    i.OSTaskIdleHook    os_cpu_c.o
    0x08000e3c   0x00000090   Code   RO         3980    i.OSTaskNameSet     os_task.o
    0x08000ecc   0x00000002   Code   RO         3474    i.OSTaskStatHook    os_cpu_c.o
    0x08000ece   0x0000009a   Code   RO         3475    i.OSTaskStkInit     os_cpu_c.o
    0x08000f68   0x000000a8   Code   RO         3983    i.OSTaskSuspend     os_task.o
    0x08001010   0x00000002   Code   RO         3476    i.OSTaskSwHook      os_cpu_c.o
    0x08001012   0x00000002   PAD
    0x08001014   0x00000070   Code   RO         4035    i.OSTimeDly         os_time.o
    0x08001084   0x00000070   Code   RO         4036    i.OSTimeDlyHMSM     os_time.o
    0x080010f4   0x000000ec   Code   RO         3566    i.OSTimeTick        os_core.o
    0x080011e0   0x00000002   Code   RO         3477    i.OSTimeTickHook    os_cpu_c.o
    0x080011e2   0x00000002   Code   RO         3568    i.OS_Dummy          os_core.o
    0x080011e4   0x0000002a   Code   RO         3570    i.OS_EventTaskRemove  os_core.o
    0x0800120e   0x0000003a   Code   RO         3571    i.OS_EventTaskRemoveMulti  os_core.o
    0x08001248   0x0000004c   Code   RO         3777    i.OS_FlagInit       os_flag.o
    0x08001294   0x00000024   Code   RO         3779    i.OS_FlagUnlink     os_flag.o
    0x080012b8   0x00000050   Code   RO         3575    i.OS_InitEventList  os_core.o
    0x08001308   0x00000054   Code   RO         3576    i.OS_InitMisc       os_core.o
    0x0800135c   0x00000048   Code   RO         3577    i.OS_InitRdyList    os_core.o
    0x080013a4   0x00000068   Code   RO         3578    i.OS_InitTCBList    os_core.o
    0x0800140c   0x00000034   Code   RO         3579    i.OS_InitTaskIdle   os_core.o
    0x08001440   0x00000034   Code   RO         3580    i.OS_InitTaskStat   os_core.o
    0x08001474   0x00000012   Code   RO         3581    i.OS_MemClr         os_core.o
    0x08001486   0x00000002   PAD
    0x08001488   0x00000074   Code   RO         3583    i.OS_Sched          os_core.o
    0x080014fc   0x0000002c   Code   RO         3584    i.OS_SchedNew       os_core.o
    0x08001528   0x0000001c   Code   RO         3585    i.OS_StrCopy        os_core.o
    0x08001544   0x00000014   Code   RO         3586    i.OS_StrLen         os_core.o
    0x08001558   0x00000118   Code   RO         3587    i.OS_TCBInit        os_core.o
    0x08001670   0x00000024   Code   RO         3588    i.OS_TaskIdle       os_core.o
    0x08001694   0x00000084   Code   RO         3589    i.OS_TaskStat       os_core.o
    0x08001718   0x000000c4   Code   RO         3311    i.Pwm_Init          bsp.o
    0x080017dc   0x00000020   Code   RO         1809    i.RCC_AHBPeriphClockCmd  stm32f10x_rcc.o
    0x080017fc   0x00000020   Code   RO         1810    i.RCC_APB1PeriphClockCmd  stm32f10x_rcc.o
    0x0800181c   0x00000020   Code   RO         1812    i.RCC_APB2PeriphClockCmd  stm32f10x_rcc.o
    0x0800183c   0x0000000c   Code   RO         3312    i.RCC_Config        bsp.o
    0x08001848   0x00000002   Code   RO         3404    i.SVC_Handler       stm32f10x_it.o
    0x0800184a   0x00000008   Code   RO           24    i.SetSysClock       system_stm32f10x.o
    0x08001852   0x00000002   PAD
    0x08001854   0x000000e0   Code   RO           25    i.SetSysClockTo72   system_stm32f10x.o
    0x08001934   0x00000010   Code   RO         3405    i.SysTick_Handler   stm32f10x_it.o
    0x08001944   0x00000060   Code   RO         3313    i.SysTick_Init      bsp.o
    0x080019a4   0x00000060   Code   RO           27    i.SystemInit        system_stm32f10x.o
    0x08001a04   0x00000092   Code   RO         3314    i.TIM2_Config       bsp.o
    0x08001a96   0x00000018   Code   RO         2441    i.TIM_ARRPreloadConfig  stm32f10x_tim.o
    0x08001aae   0x00000018   Code   RO         2453    i.TIM_Cmd           stm32f10x_tim.o
    0x08001ac6   0x0000001e   Code   RO         2455    i.TIM_CtrlPWMOutputs  stm32f10x_tim.o
    0x08001ae4   0x00000098   Code   RO         2482    i.TIM_OC1Init       stm32f10x_tim.o
    0x08001b7c   0x00000012   Code   RO         2485    i.TIM_OC1PreloadConfig  stm32f10x_tim.o
    0x08001b8e   0x00000002   PAD
    0x08001b90   0x000000a4   Code   RO         2487    i.TIM_OC2Init       stm32f10x_tim.o
    0x08001c34   0x0000001a   Code   RO         2490    i.TIM_OC2PreloadConfig  stm32f10x_tim.o
    0x08001c4e   0x00000002   PAD
    0x08001c50   0x000000a4   Code   RO         2524    i.TIM_TimeBaseInit  stm32f10x_tim.o
    0x08001cf4   0x00000004   Code   RO         3406    i.UsageFault_Handler  stm32f10x_it.o
    0x08001cf8   0x00000068   Code   RO         3225    i.adc_task          app.o
    0x08001d60   0x00000034   Code   RO         3226    i.beep_task         app.o
    0x08001d94   0x00000038   Code   RO         3229    i.led2_task         app.o
    0x08001dcc   0x00000028   Code   RO         3230    i.main              app.o
    0x08001df4   0x00000034   Code   RO         3231    i.pwm_task          app.o
    0x08001e28   0x00000064   Code   RO         3232    i.start_task        app.o
    0x08001e8c   0x0000005e   Data   RO         3542    .constdata          os_dbg.o
    0x08001eea   0x00000100   Data   RO         3591    .constdata          os_core.o
    0x08001fea   0x00000002   PAD
    0x08001fec   0x00000020   Data   RO         4235    Region$$Table       anon$$obj.o


    Execution Region RW_IRAM1 (Base: 0x20000000, Size: 0x00001918, Max: 0x0000c000, ABSOLUTE)

    Base Addr    Size         Type   Attr      Idx    E Section Name        Object

    0x20000000   0x00000014   Data   RW           28    .data               system_stm32f10x.o
    0x20000014   0x00000040   Data   RW         3592    .data               os_core.o
    0x20000054   0x00000580   Zero   RW         3233    .bss                app.o
    0x200005d4   0x00000010   Zero   RW         3315    .bss                bsp.o
    0x200005e4   0x00000cd4   Zero   RW         3590    .bss                os_core.o
    0x200012b8   0x00000060   Zero   RW         4110    .bss                c_w.l(libspace.o)
    0x20001318   0x00000200   Zero   RW            2    HEAP                startup_stm32f10x_hd.o
    0x20001518   0x00000400   Zero   RW            1    STACK               startup_stm32f10x_hd.o


==============================================================================

Image component sizes


      Code (inc. data)   RO Data    RW Data    ZI Data      Debug   Object Name

       404         68          0          0       1408      12564   app.o
      1066         80          0          0         16     233077   bsp.o
         0          0          0          0          0       4504   core_cm3.o
      1752        336        256         64       3284      20157   os_core.o
       164         32          0          0          0        304   os_cpu_a.o
       172          0          0          0          0      13788   os_cpu_c.o
       276        182         94          0          0       2821   os_dbg.o
       112          8          0          0          0       1106   os_flag.o
       836         84          0          0          0       3523   os_task.o
       224         20          0          0          0       1332   os_time.o
        64         26        304          0       1536        844   startup_stm32f10x_hd.o
       390         10          0          0          0      15953   stm32f10x_adc.o
       416          8          0          0          0      13082   stm32f10x_dma.o
       288          0          0          0          0      10760   stm32f10x_gpio.o
        38          0          0          0          0       3205   stm32f10x_it.o
        96         18          0          0          0       1582   stm32f10x_rcc.o
       602         72          0          0          0      25415   stm32f10x_tim.o
       328         28          0         20          0     243317   system_stm32f10x.o

    ----------------------------------------------------------------------
      7246        972        688         84       6244     607334   Object Totals
         0          0         32          0          0          0   (incl. Generated)
        18          0          2          0          0          0   (incl. Padding)

    ----------------------------------------------------------------------

      Code (inc. data)   RO Data    RW Data    ZI Data      Debug   Library Member Name

         8          0          0          0          0         68   __main.o
         0          0          0          0          0          0   __rtentry.o
        12          0          0          0          0          0   __rtentry2.o
         6          0          0          0          0          0   __rtentry4.o
        52          8          0          0          0          0   __scatter.o
        26          0          0          0          0          0   __scatter_copy.o
        28          0          0          0          0          0   __scatter_zi.o
        12          0          0          0          0         72   exit.o
         6          0          0          0          0        152   heapauxi.o
         0          0          0          0          0          0   indicate_semi.o
         2          0          0          0          0          0   libinit.o
         2          0          0          0          0          0   libinit2.o
         2          0          0          0          0          0   libshutdown.o
         2          0          0          0          0          0   libshutdown2.o
         8          4          0          0         96         68   libspace.o
         2          0          0          0          0          0   rtexit.o
        10          0          0          0          0          0   rtexit2.o
        12          4          0          0          0         68   sys_exit.o
        74          0          0          0          0         80   sys_stackheap_outer.o
         2          0          0          0          0         68   use_no_semi.o

    ----------------------------------------------------------------------
       270         16          0          0         96        576   Library Totals
         4          0          0          0          0          0   (incl. Padding)

    ----------------------------------------------------------------------

      Code (inc. data)   RO Data    RW Data    ZI Data      Debug   Library Name

       266         16          0          0         96        576   c_w.l

    ----------------------------------------------------------------------
       270         16          0          0         96        576   Library Totals

    ----------------------------------------------------------------------

==============================================================================


      Code (inc. data)   RO Data    RW Data    ZI Data      Debug   

      7516        988        688         84       6340     603122   Grand Totals
      7516        988        688         84       6340     603122   ELF Image Totals
      7516        988        688         84          0          0   ROM Totals

==============================================================================

    Total RO  Size (Code + RO Data)                 8204 (   8.01kB)
    Total RW  Size (RW Data + ZI Data)              6424 (   6.27kB)
    Total ROM Size (Code + RO Data + RW Data)       8288 (   8.09kB)

==============================================================================

